Component: ARM Compiler 6.11 Tool: armlink [5d3b3900]

==============================================================================

Section Cross References

    startup_stm32f407xx.o(RESET) refers to startup_stm32f407xx.o(STACK) for __initial_sp
    startup_stm32f407xx.o(RESET) refers to startup_stm32f407xx.o(.text) for Reset_Handler
    startup_stm32f407xx.o(RESET) refers to stm32f4xx_it.o(.text.NMI_Handler) for NMI_Handler
    startup_stm32f407xx.o(RESET) refers to stm32f4xx_it.o(.text.HardFault_Handler) for HardFault_Handler
    startup_stm32f407xx.o(RESET) refers to stm32f4xx_it.o(.text.MemManage_Handler) for MemManage_Handler
    startup_stm32f407xx.o(RESET) refers to stm32f4xx_it.o(.text.BusFault_Handler) for BusFault_Handler
    startup_stm32f407xx.o(RESET) refers to stm32f4xx_it.o(.text.UsageFault_Handler) for UsageFault_Handler
    startup_stm32f407xx.o(RESET) refers to stm32f4xx_it.o(.text.SVC_Handler) for SVC_Handler
    startup_stm32f407xx.o(RESET) refers to stm32f4xx_it.o(.text.DebugMon_Handler) for DebugMon_Handler
    startup_stm32f407xx.o(RESET) refers to stm32f4xx_it.o(.text.PendSV_Handler) for PendSV_Handler
    startup_stm32f407xx.o(RESET) refers to stm32f4xx_it.o(.text.SysTick_Handler) for SysTick_Handler
    startup_stm32f407xx.o(RESET) refers to stm32f4xx_it.o(.text.EXTI0_IRQHandler) for EXTI0_IRQHandler
    startup_stm32f407xx.o(.text) refers to system_stm32f4xx.o(.text.SystemInit) for SystemInit
    startup_stm32f407xx.o(.text) refers to entry.o(.ARM.Collect$$$$00000000) for __main
    hmi_uart.o(.text.fputc) refers to stm32f4xx_hal_uart.o(.text.HAL_UART_Transmit) for HAL_UART_Transmit
    hmi_uart.o(.text.fputc) refers to usart.o(.bss.huart3) for huart3
    hmi_uart.o(.ARM.exidx.text.fputc) refers to hmi_uart.o(.text.fputc) for [Anonymous Symbol]
    hmi_uart.o(.text.HMI_printf) refers to printf3.o(i.__0printf$3) for __2printf
    hmi_uart.o(.text.HMI_printf) refers to hmi_uart.o(.data.endchar) for endchar
    hmi_uart.o(.ARM.exidx.text.HMI_printf) refers to hmi_uart.o(.text.HMI_printf) for [Anonymous Symbol]
    hmi_uart.o(.text.HMI_DrawCurve) refers to printf3.o(i.__0printf$3) for __2printf
    hmi_uart.o(.text.HMI_DrawCurve) refers to hmi_uart.o(.data.endchar) for endchar
    hmi_uart.o(.ARM.exidx.text.HMI_DrawCurve) refers to hmi_uart.o(.text.HMI_DrawCurve) for [Anonymous Symbol]
    hmi_uart.o(.text.HMI_DrawCurve_FullScreen) refers to printf3.o(i.__0printf$3) for __2printf
    hmi_uart.o(.text.HMI_DrawCurve_FullScreen) refers to stm32f4xx_hal_uart.o(.text.HAL_UART_Receive) for HAL_UART_Receive
    hmi_uart.o(.text.HMI_DrawCurve_FullScreen) refers to stm32f4xx_hal_uart.o(.text.HAL_UART_Transmit) for HAL_UART_Transmit
    hmi_uart.o(.text.HMI_DrawCurve_FullScreen) refers to hmi_uart.o(.data.endchar) for endchar
    hmi_uart.o(.text.HMI_DrawCurve_FullScreen) refers to usart.o(.bss.huart3) for huart3
    hmi_uart.o(.ARM.exidx.text.HMI_DrawCurve_FullScreen) refers to hmi_uart.o(.text.HMI_DrawCurve_FullScreen) for [Anonymous Symbol]
    hmi_uart.o(.text.HMI_ClearCurve) refers to printf3.o(i.__0printf$3) for __2printf
    hmi_uart.o(.text.HMI_ClearCurve) refers to hmi_uart.o(.data.endchar) for endchar
    hmi_uart.o(.ARM.exidx.text.HMI_ClearCurve) refers to hmi_uart.o(.text.HMI_ClearCurve) for [Anonymous Symbol]
    hmi_uart.o(.text.HMI_Fill) refers to printf3.o(i.__0printf$3) for __2printf
    hmi_uart.o(.text.HMI_Fill) refers to hmi_uart.o(.data.endchar) for endchar
    hmi_uart.o(.ARM.exidx.text.HMI_Fill) refers to hmi_uart.o(.text.HMI_Fill) for [Anonymous Symbol]
    hmi_uart.o(.text.HMI_DrawLine) refers to printf3.o(i.__0printf$3) for __2printf
    hmi_uart.o(.text.HMI_DrawLine) refers to hmi_uart.o(.data.endchar) for endchar
    hmi_uart.o(.ARM.exidx.text.HMI_DrawLine) refers to hmi_uart.o(.text.HMI_DrawLine) for [Anonymous Symbol]
    hmi_uart.o(.text.HMI_DrawRectangle) refers to printf3.o(i.__0printf$3) for __2printf
    hmi_uart.o(.text.HMI_DrawRectangle) refers to hmi_uart.o(.data.endchar) for endchar
    hmi_uart.o(.ARM.exidx.text.HMI_DrawRectangle) refers to hmi_uart.o(.text.HMI_DrawRectangle) for [Anonymous Symbol]
    hmi_uart.o(.text.HMI_DrawCircle) refers to printf3.o(i.__0printf$3) for __2printf
    hmi_uart.o(.text.HMI_DrawCircle) refers to hmi_uart.o(.data.endchar) for endchar
    hmi_uart.o(.ARM.exidx.text.HMI_DrawCircle) refers to hmi_uart.o(.text.HMI_DrawCircle) for [Anonymous Symbol]
    hmi_uart.o(.text.HMI_DrawFilledCircle) refers to printf3.o(i.__0printf$3) for __2printf
    hmi_uart.o(.text.HMI_DrawFilledCircle) refers to hmi_uart.o(.data.endchar) for endchar
    hmi_uart.o(.ARM.exidx.text.HMI_DrawFilledCircle) refers to hmi_uart.o(.text.HMI_DrawFilledCircle) for [Anonymous Symbol]
    main.o(.text.main) refers to stm32f4xx_hal.o(.text.HAL_Init) for HAL_Init
    main.o(.text.main) refers to main.o(.text.SystemClock_Config) for SystemClock_Config
    main.o(.text.main) refers to gpio.o(.text.MX_GPIO_Init) for MX_GPIO_Init
[...]
    Removing stm32f4xx_hal_flash.o(.text.FLASH_Program_Byte), (32 bytes).
    Removing stm32f4xx_hal_flash.o(.ARM.exidx.text.FLASH_Program_Byte), (8 bytes).
    Removing stm32f4xx_hal_flash.o(.text.FLASH_Program_HalfWord), (36 bytes).
    Removing stm32f4xx_hal_flash.o(.ARM.exidx.text.FLASH_Program_HalfWord), (8 bytes).
    Removing stm32f4xx_hal_flash.o(.text.FLASH_Program_Word), (36 bytes).
    Removing stm32f4xx_hal_flash.o(.ARM.exidx.text.FLASH_Program_Word), (8 bytes).
    Removing stm32f4xx_hal_flash.o(.text.FLASH_Program_DoubleWord), (44 bytes).
    Removing stm32f4xx_hal_flash.o(.ARM.exidx.text.FLASH_Program_DoubleWord), (8 bytes).
    Removing stm32f4xx_hal_flash.o(.text.HAL_FLASH_Program_IT), (120 bytes).
    Removing stm32f4xx_hal_flash.o(.ARM.exidx.text.HAL_FLASH_Program_IT), (8 bytes).
    Removing stm32f4xx_hal_flash.o(.text.HAL_FLASH_IRQHandler), (200 bytes).
    Removing stm32f4xx_hal_flash.o(.ARM.exidx.text.HAL_FLASH_IRQHandler), (8 bytes).
    Removing stm32f4xx_hal_flash.o(.text.FLASH_SetErrorCode), (116 bytes).
    Removing stm32f4xx_hal_flash.o(.ARM.exidx.text.FLASH_SetErrorCode), (8 bytes).
    Removing stm32f4xx_hal_flash.o(.text.HAL_FLASH_OperationErrorCallback), (2 bytes).
    Removing stm32f4xx_hal_flash.o(.ARM.exidx.text.HAL_FLASH_OperationErrorCallback), (8 bytes).
    Removing stm32f4xx_hal_flash.o(.text.HAL_FLASH_EndOfOperationCallback), (2 bytes).
    Removing stm32f4xx_hal_flash.o(.ARM.exidx.text.HAL_FLASH_EndOfOperationCallback), (8 bytes).
    Removing stm32f4xx_hal_flash.o(.text.HAL_FLASH_Unlock), (40 bytes).
    Removing stm32f4xx_hal_flash.o(.ARM.exidx.text.HAL_FLASH_Unlock), (8 bytes).
    Removing stm32f4xx_hal_flash.o(.text.HAL_FLASH_Lock), (20 bytes).
    Removing stm32f4xx_hal_flash.o(.ARM.exidx.text.HAL_FLASH_Lock), (8 bytes).
    Removing stm32f4xx_hal_flash.o(.text.HAL_FLASH_OB_Unlock), (36 bytes).
    Removing stm32f4xx_hal_flash.o(.ARM.exidx.text.HAL_FLASH_OB_Unlock), (8 bytes).
    Removing stm32f4xx_hal_flash.o(.text.HAL_FLASH_OB_Lock), (20 bytes).
    Removing stm32f4xx_hal_flash.o(.ARM.exidx.text.HAL_FLASH_OB_Lock), (8 bytes).
    Removing stm32f4xx_hal_flash.o(.text.HAL_FLASH_OB_Launch), (24 bytes).
    Removing stm32f4xx_hal_flash.o(.ARM.exidx.text.HAL_FLASH_OB_Launch), (8 bytes).
    Removing stm32f4xx_hal_flash.o(.text.HAL_FLASH_GetError), (12 bytes).
    Removing stm32f4xx_hal_flash.o(.ARM.exidx.text.HAL_FLASH_GetError), (8 bytes).
    Removing stm32f4xx_hal_flash.o(.bss.pFlash), (32 bytes).
    Removing stm32f4xx_hal_flash_ex.o(.text), (0 bytes).
    Removing stm32f4xx_hal_flash_ex.o(.text.HAL_FLASHEx_Erase), (168 bytes).
    Removing stm32f4xx_hal_flash_ex.o(.ARM.exidx.text.HAL_FLASHEx_Erase), (8 bytes).
    Removing stm32f4xx_hal_flash_ex.o(.text.FLASH_MassErase), (36 bytes).
    Removing stm32f4xx_hal_flash_ex.o(.ARM.exidx.text.FLASH_MassErase), (8 bytes).
    Removing stm32f4xx_hal_flash_ex.o(.text.FLASH_Erase_Sector), (60 bytes).
    Removing stm32f4xx_hal_flash_ex.o(.ARM.exidx.text.FLASH_Erase_Sector), (8 bytes).
    Removing stm32f4xx_hal_flash_ex.o(.text.FLASH_FlushCaches), (88 bytes).
    Removing stm32f4xx_hal_flash_ex.o(.ARM.exidx.text.FLASH_FlushCaches), (8 bytes).
    Removing stm32f4xx_hal_flash_ex.o(.text.HAL_FLASHEx_Erase_IT), (104 bytes).
    Removing stm32f4xx_hal_flash_ex.o(.ARM.exidx.text.HAL_FLASHEx_Erase_IT), (8 bytes).
    Removing stm32f4xx_hal_flash_ex.o(.text.HAL_FLASHEx_OBProgram), (168 bytes).
    Removing stm32f4xx_hal_flash_ex.o(.ARM.exidx.text.HAL_FLASHEx_OBProgram), (8 bytes).
    Removing stm32f4xx_hal_flash_ex.o(.text.HAL_FLASHEx_OBGetConfig), (52 bytes).
    Removing stm32f4xx_hal_flash_ex.o(.ARM.exidx.text.HAL_FLASHEx_OBGetConfig), (8 bytes).
    Removing stm32f4xx_hal_flash_ramfunc.o(.text), (0 bytes).
    Removing stm32f4xx_hal_gpio.o(.text), (0 bytes).
    Removing stm32f4xx_hal_gpio.o(.ARM.exidx.text.HAL_GPIO_Init), (8 bytes).
    Removing stm32f4xx_hal_gpio.o(.text.HAL_GPIO_DeInit), (232 bytes).
    Removing stm32f4xx_hal_gpio.o(.ARM.exidx.text.HAL_GPIO_DeInit), (8 bytes).
    Removing stm32f4xx_hal_gpio.o(.text.HAL_GPIO_ReadPin), (10 bytes).
    Removing stm32f4xx_hal_gpio.o(.ARM.exidx.text.HAL_GPIO_ReadPin), (8 bytes).
    Removing stm32f4xx_hal_gpio.o(.ARM.exidx.text.HAL_GPIO_WritePin), (8 bytes).
    Removing stm32f4xx_hal_gpio.o(.text.HAL_GPIO_TogglePin), (14 bytes).
    Removing stm32f4xx_hal_gpio.o(.ARM.exidx.text.HAL_GPIO_TogglePin), (8 bytes).
    Removing stm32f4xx_hal_gpio.o(.text.HAL_GPIO_LockPin), (40 bytes).
    Removing stm32f4xx_hal_gpio.o(.ARM.exidx.text.HAL_GPIO_LockPin), (8 bytes).
    Removing stm32f4xx_hal_gpio.o(.ARM.exidx.text.HAL_GPIO_EXTI_IRQHandler), (8 bytes).
    Removing stm32f4xx_hal_gpio.o(.text.HAL_GPIO_EXTI_Callback), (2 bytes).
    Removing stm32f4xx_hal_gpio.o(.ARM.exidx.text.HAL_GPIO_EXTI_Callback), (8 bytes).
    Removing stm32f4xx_hal_dma_ex.o(.text), (0 bytes).
    Removing stm32f4xx_hal_dma_ex.o(.text.HAL_DMAEx_MultiBufferStart), (114 bytes).
    Removing stm32f4xx_hal_dma_ex.o(.ARM.exidx.text.HAL_DMAEx_MultiBufferStart), (8 bytes).
    Removing stm32f4xx_hal_dma_ex.o(.text.HAL_DMAEx_MultiBufferStart_IT), (744 bytes).
    Removing stm32f4xx_hal_dma_ex.o(.ARM.exidx.text.HAL_DMAEx_MultiBufferStart_IT), (8 bytes).
    Removing stm32f4xx_hal_dma_ex.o(.text.HAL_DMAEx_ChangeMemory), (16 bytes).
    Removing stm32f4xx_hal_dma_ex.o(.ARM.exidx.text.HAL_DMAEx_ChangeMemory), (8 bytes).
    Removing stm32f4xx_hal_dma.o(.text), (0 bytes).
    Removing stm32f4xx_hal_dma.o(.text.HAL_DMA_Init), (296 bytes).
    Removing stm32f4xx_hal_dma.o(.ARM.exidx.text.HAL_DMA_Init), (8 bytes).
    Removing stm32f4xx_hal_dma.o(.text.DMA_CalcBaseAndBitshift), (48 bytes).
    Removing stm32f4xx_hal_dma.o(.ARM.exidx.text.DMA_CalcBaseAndBitshift), (8 bytes).
    Removing stm32f4xx_hal_dma.o(.text.HAL_DMA_DeInit), (90 bytes).
    Removing stm32f4xx_hal_dma.o(.ARM.exidx.text.HAL_DMA_DeInit), (8 bytes).
    Removing stm32f4xx_hal_dma.o(.text.HAL_DMA_Start), (66 bytes).
    Removing stm32f4xx_hal_dma.o(.ARM.exidx.text.HAL_DMA_Start), (8 bytes).
    Removing stm32f4xx_hal_dma.o(.text.DMA_SetConfig), (46 bytes).
    Removing stm32f4xx_hal_dma.o(.ARM.exidx.text.DMA_SetConfig), (8 bytes).
    Removing stm32f4xx_hal_dma.o(.text.HAL_DMA_Start_IT), (98 bytes).
    Removing stm32f4xx_hal_dma.o(.ARM.exidx.text.HAL_DMA_Start_IT), (8 bytes).
    Removing stm32f4xx_hal_dma.o(.text.HAL_DMA_Abort), (138 bytes).
    Removing stm32f4xx_hal_dma.o(.ARM.exidx.text.HAL_DMA_Abort), (8 bytes).
    Removing stm32f4xx_hal_dma.o(.text.HAL_DMA_Abort_IT), (36 bytes).
    Removing stm32f4xx_hal_dma.o(.ARM.exidx.text.HAL_DMA_Abort_IT), (8 bytes).
    Removing stm32f4xx_hal_dma.o(.text.HAL_DMA_PollForTransfer), (314 bytes).
    Removing stm32f4xx_hal_dma.o(.ARM.exidx.text.HAL_DMA_PollForTransfer), (8 bytes).
    Removing stm32f4xx_hal_dma.o(.text.HAL_DMA_IRQHandler), (368 bytes).
    Removing stm32f4xx_hal_dma.o(.ARM.exidx.text.HAL_DMA_IRQHandler), (8 bytes).
    Removing stm32f4xx_hal_dma.o(.text.HAL_DMA_RegisterCallback), (80 bytes).
    Removing stm32f4xx_hal_dma.o(.ARM.exidx.text.HAL_DMA_RegisterCallback), (8 bytes).
    Removing stm32f4xx_hal_dma.o(.text.HAL_DMA_UnRegisterCallback), (106 bytes).
    Removing stm32f4xx_hal_dma.o(.ARM.exidx.text.HAL_DMA_UnRegisterCallback), (8 bytes).
    Removing stm32f4xx_hal_dma.o(.text.HAL_DMA_GetState), (6 bytes).
    Removing stm32f4xx_hal_dma.o(.ARM.exidx.text.HAL_DMA_GetState), (8 bytes).
    Removing stm32f4xx_hal_dma.o(.text.HAL_DMA_GetError), (4 bytes).
    Removing stm32f4xx_hal_dma.o(.ARM.exidx.text.HAL_DMA_GetError), (8 bytes).
    Removing stm32f4xx_hal_pwr.o(.text), (0 bytes).
    Removing stm32f4xx_hal_pwr.o(.text.HAL_PWR_DeInit), (24 bytes).
    Removing stm32f4xx_hal_pwr.o(.ARM.exidx.text.HAL_PWR_DeInit), (8 bytes).
    Removing stm32f4xx_hal_pwr.o(.text.HAL_PWR_EnableBkUpAccess), (12 bytes).
    Removing stm32f4xx_hal_pwr.o(.ARM.exidx.text.HAL_PWR_EnableBkUpAccess), (8 bytes).
    Removing stm32f4xx_hal_pwr.o(.text.HAL_PWR_DisableBkUpAccess), (12 bytes).
    Removing stm32f4xx_hal_pwr.o(.ARM.exidx.text.HAL_PWR_DisableBkUpAccess), (8 bytes).
    Removing stm32f4xx_hal_pwr.o(.text.HAL_PWR_ConfigPVD), (108 bytes).
    Removing stm32f4xx_hal_pwr.o(.ARM.exidx.text.HAL_PWR_ConfigPVD), (8 bytes).
    Removing stm32f4xx_hal_pwr.o(.text.HAL_PWR_EnablePVD), (12 bytes).
    Removing stm32f4xx_hal_pwr.o(.ARM.exidx.text.HAL_PWR_EnablePVD), (8 bytes).
    Removing stm32f4xx_hal_pwr.o(.text.HAL_PWR_DisablePVD), (12 bytes).
    Removing stm32f4xx_hal_pwr.o(.ARM.exidx.text.HAL_PWR_DisablePVD), (8 bytes).
    Removing stm32f4xx_hal_pwr.o(.text.HAL_PWR_EnableWakeUpPin), (16 bytes).
    Removing stm32f4xx_hal_pwr.o(.ARM.exidx.text.HAL_PWR_EnableWakeUpPin), (8 bytes).
    Removing stm32f4xx_hal_pwr.o(.text.HAL_PWR_DisableWakeUpPin), (16 bytes).
    Removing stm32f4xx_hal_pwr.o(.ARM.exidx.text.HAL_PWR_DisableWakeUpPin), (8 bytes).
    Removing stm32f4xx_hal_pwr.o(.text.HAL_PWR_EnterSLEEPMode), (28 bytes).
    Removing stm32f4xx_hal_pwr.o(.ARM.exidx.text.HAL_PWR_EnterSLEEPMode), (8 bytes).
    Removing stm32f4xx_hal_pwr.o(.text.HAL_PWR_EnterSTOPMode), (56 bytes).
    Removing stm32f4xx_hal_pwr.o(.ARM.exidx.text.HAL_PWR_EnterSTOPMode), (8 bytes).
    Removing stm32f4xx_hal_pwr.o(.text.HAL_PWR_EnterSTANDBYMode), (32 bytes).
    Removing stm32f4xx_hal_pwr.o(.ARM.exidx.text.HAL_PWR_EnterSTANDBYMode), (8 bytes).
    Removing stm32f4xx_hal_pwr.o(.text.HAL_PWR_PVD_IRQHandler), (28 bytes).
    Removing stm32f4xx_hal_pwr.o(.ARM.exidx.text.HAL_PWR_PVD_IRQHandler), (8 bytes).
    Removing stm32f4xx_hal_pwr.o(.text.HAL_PWR_PVDCallback), (2 bytes).
    Removing stm32f4xx_hal_pwr.o(.ARM.exidx.text.HAL_PWR_PVDCallback), (8 bytes).
    Removing stm32f4xx_hal_pwr.o(.text.HAL_PWR_EnableSleepOnExit), (16 bytes).
    Removing stm32f4xx_hal_pwr.o(.ARM.exidx.text.HAL_PWR_EnableSleepOnExit), (8 bytes).
    Removing stm32f4xx_hal_pwr.o(.text.HAL_PWR_DisableSleepOnExit), (16 bytes).
    Removing stm32f4xx_hal_pwr.o(.ARM.exidx.text.HAL_PWR_DisableSleepOnExit), (8 bytes).
    Removing stm32f4xx_hal_pwr.o(.text.HAL_PWR_EnableSEVOnPend), (16 bytes).
    Removing stm32f4xx_hal_pwr.o(.ARM.exidx.text.HAL_PWR_EnableSEVOnPend), (8 bytes).
    Removing stm32f4xx_hal_pwr.o(.text.HAL_PWR_DisableSEVOnPend), (16 bytes).
    Removing stm32f4xx_hal_pwr.o(.ARM.exidx.text.HAL_PWR_DisableSEVOnPend), (8 bytes).
    Removing stm32f4xx_hal_pwr_ex.o(.text), (0 bytes).
    Removing stm32f4xx_hal_pwr_ex.o(.text.HAL_PWREx_EnableBkUpReg), (52 bytes).
    Removing stm32f4xx_hal_pwr_ex.o(.ARM.exidx.text.HAL_PWREx_EnableBkUpReg), (8 bytes).
    Removing stm32f4xx_hal_pwr_ex.o(.text.HAL_PWREx_DisableBkUpReg), (52 bytes).
    Removing stm32f4xx_hal_pwr_ex.o(.ARM.exidx.text.HAL_PWREx_DisableBkUpReg), (8 bytes).
    Removing stm32f4xx_hal_pwr_ex.o(.text.HAL_PWREx_EnableFlashPowerDown), (12 bytes).
    Removing stm32f4xx_hal_pwr_ex.o(.ARM.exidx.text.HAL_PWREx_EnableFlashPowerDown), (8 bytes).
    Removing stm32f4xx_hal_pwr_ex.o(.text.HAL_PWREx_DisableFlashPowerDown), (12 bytes).
    Removing stm32f4xx_hal_pwr_ex.o(.ARM.exidx.text.HAL_PWREx_DisableFlashPowerDown), (8 bytes).
    Removing stm32f4xx_hal_pwr_ex.o(.text.HAL_PWREx_GetVoltageRange), (16 bytes).
    Removing stm32f4xx_hal_pwr_ex.o(.ARM.exidx.text.HAL_PWREx_GetVoltageRange), (8 bytes).
    Removing stm32f4xx_hal_pwr_ex.o(.text.HAL_PWREx_ControlVoltageScaling), (92 bytes).
    Removing stm32f4xx_hal_pwr_ex.o(.ARM.exidx.text.HAL_PWREx_ControlVoltageScaling), (8 bytes).
    Removing stm32f4xx_hal_cortex.o(.text), (0 bytes).
    Removing stm32f4xx_hal_cortex.o(.ARM.exidx.text.HAL_NVIC_SetPriorityGrouping), (8 bytes).
    Removing stm32f4xx_hal_cortex.o(.ARM.exidx.text.HAL_NVIC_SetPriority), (8 bytes).
    Removing stm32f4xx_hal_cortex.o(.ARM.exidx.text.__NVIC_SetPriority), (8 bytes).
    Removing stm32f4xx_hal_cortex.o(.ARM.exidx.text.HAL_NVIC_EnableIRQ), (8 bytes).
    Removing stm32f4xx_hal_cortex.o(.text.HAL_NVIC_DisableIRQ), (36 bytes).
    Removing stm32f4xx_hal_cortex.o(.ARM.exidx.text.HAL_NVIC_DisableIRQ), (8 bytes).
    Removing stm32f4xx_hal_cortex.o(.text.HAL_NVIC_SystemReset), (4 bytes).
    Removing stm32f4xx_hal_cortex.o(.ARM.exidx.text.HAL_NVIC_SystemReset), (8 bytes).
    Removing stm32f4xx_hal_cortex.o(.text.__NVIC_SystemReset), (36 bytes).
    Removing stm32f4xx_hal_cortex.o(.ARM.exidx.text.__NVIC_SystemReset), (8 bytes).
    Removing stm32f4xx_hal_cortex.o(.ARM.exidx.text.HAL_SYSTICK_Config), (8 bytes).
    Removing stm32f4xx_hal_cortex.o(.text.HAL_MPU_Disable), (24 bytes).
    Removing stm32f4xx_hal_cortex.o(.ARM.exidx.text.HAL_MPU_Disable), (8 bytes).
    Removing stm32f4xx_hal_cortex.o(.text.HAL_MPU_Enable), (32 bytes).
    Removing stm32f4xx_hal_cortex.o(.ARM.exidx.text.HAL_MPU_Enable), (8 bytes).
    Removing stm32f4xx_hal_cortex.o(.text.HAL_MPU_ConfigRegion), (80 bytes).
    Removing stm32f4xx_hal_cortex.o(.ARM.exidx.text.HAL_MPU_ConfigRegion), (8 bytes).
    Removing stm32f4xx_hal_cortex.o(.text.HAL_NVIC_GetPriorityGrouping), (16 bytes).
    Removing stm32f4xx_hal_cortex.o(.ARM.exidx.text.HAL_NVIC_GetPriorityGrouping), (8 bytes).
    Removing stm32f4xx_hal_cortex.o(.text.HAL_NVIC_GetPriority), (84 bytes).
    Removing stm32f4xx_hal_cortex.o(.ARM.exidx.text.HAL_NVIC_GetPriority), (8 bytes).
    Removing stm32f4xx_hal_cortex.o(.text.HAL_NVIC_SetPendingIRQ), (28 bytes).
    Removing stm32f4xx_hal_cortex.o(.ARM.exidx.text.HAL_NVIC_SetPendingIRQ), (8 bytes).
    Removing stm32f4xx_hal_cortex.o(.text.HAL_NVIC_GetPendingIRQ), (40 bytes).
    Removing stm32f4xx_hal_cortex.o(.ARM.exidx.text.HAL_NVIC_GetPendingIRQ), (8 bytes).
    Removing stm32f4xx_hal_cortex.o(.text.HAL_NVIC_ClearPendingIRQ), (28 bytes).
    Removing stm32f4xx_hal_cortex.o(.ARM.exidx.text.HAL_NVIC_ClearPendingIRQ), (8 bytes).
    Removing stm32f4xx_hal_cortex.o(.text.HAL_NVIC_GetActive), (40 bytes).
    Removing stm32f4xx_hal_cortex.o(.ARM.exidx.text.HAL_NVIC_GetActive), (8 bytes).
    Removing stm32f4xx_hal_cortex.o(.text.HAL_SYSTICK_CLKSourceConfig), (24 bytes).
    Removing stm32f4xx_hal_cortex.o(.ARM.exidx.text.HAL_SYSTICK_CLKSourceConfig), (8 bytes).
    Removing stm32f4xx_hal_cortex.o(.text.HAL_SYSTICK_IRQHandler), (4 bytes).
    Removing stm32f4xx_hal_cortex.o(.ARM.exidx.text.HAL_SYSTICK_IRQHandler), (8 bytes).
    Removing stm32f4xx_hal_cortex.o(.text.HAL_SYSTICK_Callback), (2 bytes).
    Removing stm32f4xx_hal_cortex.o(.ARM.exidx.text.HAL_SYSTICK_Callback), (8 bytes).
    Removing stm32f4xx_hal.o(.text), (0 bytes).
    Removing stm32f4xx_hal.o(.ARM.exidx.text.HAL_Init), (8 bytes).
    Removing stm32f4xx_hal.o(.ARM.exidx.text.HAL_InitTick), (8 bytes).
    Removing stm32f4xx_hal.o(.text.HAL_MspInit), (2 bytes).
    Removing stm32f4xx_hal.o(.ARM.exidx.text.HAL_MspInit), (8 bytes).
    Removing stm32f4xx_hal.o(.text.HAL_DeInit), (44 bytes).
    Removing stm32f4xx_hal.o(.ARM.exidx.text.HAL_DeInit), (8 bytes).
    Removing stm32f4xx_hal.o(.text.HAL_MspDeInit), (2 bytes).
    Removing stm32f4xx_hal.o(.ARM.exidx.text.HAL_MspDeInit), (8 bytes).
    Removing stm32f4xx_hal.o(.ARM.exidx.text.HAL_IncTick), (8 bytes).
    Removing stm32f4xx_hal.o(.ARM.exidx.text.HAL_GetTick), (8 bytes).
    Removing stm32f4xx_hal.o(.text.HAL_GetTickPrio), (12 bytes).
    Removing stm32f4xx_hal.o(.ARM.exidx.text.HAL_GetTickPrio), (8 bytes).
    Removing stm32f4xx_hal.o(.text.HAL_SetTickFreq), (32 bytes).
    Removing stm32f4xx_hal.o(.ARM.exidx.text.HAL_SetTickFreq), (8 bytes).
    Removing stm32f4xx_hal.o(.text.HAL_GetTickFreq), (12 bytes).
    Removing stm32f4xx_hal.o(.ARM.exidx.text.HAL_GetTickFreq), (8 bytes).
    Removing stm32f4xx_hal.o(.ARM.exidx.text.HAL_Delay), (8 bytes).
    Removing stm32f4xx_hal.o(.text.HAL_SuspendTick), (16 bytes).
    Removing stm32f4xx_hal.o(.ARM.exidx.text.HAL_SuspendTick), (8 bytes).
    Removing stm32f4xx_hal.o(.text.HAL_ResumeTick), (16 bytes).
    Removing stm32f4xx_hal.o(.ARM.exidx.text.HAL_ResumeTick), (8 bytes).
    Removing stm32f4xx_hal.o(.text.HAL_GetHalVersion), (8 bytes).
    Removing stm32f4xx_hal.o(.ARM.exidx.text.HAL_GetHalVersion), (8 bytes).
    Removing stm32f4xx_hal.o(.text.HAL_GetREVID), (12 bytes).
    Removing stm32f4xx_hal.o(.ARM.exidx.text.HAL_GetREVID), (8 bytes).
    Removing stm32f4xx_hal.o(.text.HAL_GetDEVID), (16 bytes).
    Removing stm32f4xx_hal.o(.ARM.exidx.text.HAL_GetDEVID), (8 bytes).
    Removing stm32f4xx_hal.o(.text.HAL_DBGMCU_EnableDBGSleepMode), (16 bytes).
    Removing stm32f4xx_hal.o(.ARM.exidx.text.HAL_DBGMCU_EnableDBGSleepMode), (8 bytes).
    Removing stm32f4xx_hal.o(.text.HAL_DBGMCU_DisableDBGSleepMode), (16 bytes).
    Removing stm32f4xx_hal.o(.ARM.exidx.text.HAL_DBGMCU_DisableDBGSleepMode), (8 bytes).
    Removing stm32f4xx_hal.o(.text.HAL_DBGMCU_EnableDBGStopMode), (16 bytes).
    Removing stm32f4xx_hal.o(.ARM.exidx.text.HAL_DBGMCU_EnableDBGStopMode), (8 bytes).
    Removing stm32f4xx_hal.o(.text.HAL_DBGMCU_DisableDBGStopMode), (16 bytes).
    Removing stm32f4xx_hal.o(.ARM.exidx.text.HAL_DBGMCU_DisableDBGStopMode), (8 bytes).
    Removing stm32f4xx_hal.o(.text.HAL_DBGMCU_EnableDBGStandbyMode), (16 bytes).
    Removing stm32f4xx_hal.o(.ARM.exidx.text.HAL_DBGMCU_EnableDBGStandbyMode), (8 bytes).
    Removing stm32f4xx_hal.o(.text.HAL_DBGMCU_DisableDBGStandbyMode), (16 bytes).
    Removing stm32f4xx_hal.o(.ARM.exidx.text.HAL_DBGMCU_DisableDBGStandbyMode), (8 bytes).
    Removing stm32f4xx_hal.o(.text.HAL_EnableCompensationCell), (12 bytes).
    Removing stm32f4xx_hal.o(.ARM.exidx.text.HAL_EnableCompensationCell), (8 bytes).
    Removing stm32f4xx_hal.o(.text.HAL_DisableCompensationCell), (12 bytes).
    Removing stm32f4xx_hal.o(.ARM.exidx.text.HAL_DisableCompensationCell), (8 bytes).
    Removing stm32f4xx_hal.o(.text.HAL_GetUIDw0), (12 bytes).
    Removing stm32f4xx_hal.o(.ARM.exidx.text.HAL_GetUIDw0), (8 bytes).
    Removing stm32f4xx_hal.o(.text.HAL_GetUIDw1), (12 bytes).
    Removing stm32f4xx_hal.o(.ARM.exidx.text.HAL_GetUIDw1), (8 bytes).
    Removing stm32f4xx_hal.o(.text.HAL_GetUIDw2), (12 bytes).
    Removing stm32f4xx_hal.o(.ARM.exidx.text.HAL_GetUIDw2), (8 bytes).
    Removing stm32f4xx_hal_exti.o(.text), (0 bytes).
    Removing stm32f4xx_hal_exti.o(.text.HAL_EXTI_SetConfigLine), (152 bytes).
    Removing stm32f4xx_hal_exti.o(.ARM.exidx.text.HAL_EXTI_SetConfigLine), (8 bytes).
    Removing stm32f4xx_hal_exti.o(.text.HAL_EXTI_GetConfigLine), (136 bytes).
    Removing stm32f4xx_hal_exti.o(.ARM.exidx.text.HAL_EXTI_GetConfigLine), (8 bytes).
    Removing stm32f4xx_hal_exti.o(.text.HAL_EXTI_ClearConfigLine), (112 bytes).
    Removing stm32f4xx_hal_exti.o(.ARM.exidx.text.HAL_EXTI_ClearConfigLine), (8 bytes).
    Removing stm32f4xx_hal_exti.o(.text.HAL_EXTI_RegisterCallback), (12 bytes).
    Removing stm32f4xx_hal_exti.o(.ARM.exidx.text.HAL_EXTI_RegisterCallback), (8 bytes).
    Removing stm32f4xx_hal_exti.o(.text.HAL_EXTI_GetHandle), (12 bytes).
    Removing stm32f4xx_hal_exti.o(.ARM.exidx.text.HAL_EXTI_GetHandle), (8 bytes).
    Removing stm32f4xx_hal_exti.o(.text.HAL_EXTI_IRQHandler), (36 bytes).
    Removing stm32f4xx_hal_exti.o(.ARM.exidx.text.HAL_EXTI_IRQHandler), (8 bytes).
    Removing stm32f4xx_hal_exti.o(.text.HAL_EXTI_GetPending), (28 bytes).
    Removing stm32f4xx_hal_exti.o(.ARM.exidx.text.HAL_EXTI_GetPending), (8 bytes).
    Removing stm32f4xx_hal_exti.o(.text.HAL_EXTI_ClearPending), (24 bytes).
    Removing stm32f4xx_hal_exti.o(.ARM.exidx.text.HAL_EXTI_ClearPending), (8 bytes).
    Removing stm32f4xx_hal_exti.o(.text.HAL_EXTI_GenerateSWI), (24 bytes).
    Removing stm32f4xx_hal_exti.o(.ARM.exidx.text.HAL_EXTI_GenerateSWI), (8 bytes).
    Removing stm32f4xx_hal_tim.o(.text), (0 bytes).
    Removing stm32f4xx_hal_tim_ex.o(.text), (0 bytes).
    Removing stm32f4xx_hal_uart.o(.text), (0 bytes).
    Removing stm32f4xx_hal_uart.o(.ARM.exidx.text.HAL_UART_Init), (8 bytes).
    Removing stm32f4xx_hal_uart.o(.text.HAL_UART_MspInit), (2 bytes).
    Removing stm32f4xx_hal_uart.o(.ARM.exidx.text.HAL_UART_MspInit), (8 bytes).
    Removing stm32f4xx_hal_uart.o(.ARM.exidx.text.UART_SetConfig), (8 bytes).
    Removing stm32f4xx_hal_uart.o(.text.HAL_HalfDuplex_Init), (100 bytes).
    Removing stm32f4xx_hal_uart.o(.ARM.exidx.text.HAL_HalfDuplex_Init), (8 bytes).
    Removing stm32f4xx_hal_uart.o(.text.HAL_LIN_Init), (116 bytes).
    Removing stm32f4xx_hal_uart.o(.ARM.exidx.text.HAL_LIN_Init), (8 bytes).
    Removing stm32f4xx_hal_uart.o(.text.HAL_MultiProcessor_Init), (124 bytes).
    Removing stm32f4xx_hal_uart.o(.ARM.exidx.text.HAL_MultiProcessor_Init), (8 bytes).
    Removing stm32f4xx_hal_uart.o(.text.HAL_UART_DeInit), (50 bytes).
    Removing stm32f4xx_hal_uart.o(.ARM.exidx.text.HAL_UART_DeInit), (8 bytes).
    Removing stm32f4xx_hal_uart.o(.text.HAL_UART_MspDeInit), (2 bytes).
    Removing stm32f4xx_hal_uart.o(.ARM.exidx.text.HAL_UART_MspDeInit), (8 bytes).
    Removing stm32f4xx_hal_uart.o(.ARM.exidx.text.HAL_UART_Transmit), (8 bytes).
    Removing stm32f4xx_hal_uart.o(.ARM.exidx.text.UART_WaitOnFlagUntilTimeout), (8 bytes).
    Removing stm32f4xx_hal_uart.o(.text.HAL_UART_Receive), (170 bytes).
    Removing stm32f4xx_hal_uart.o(.ARM.exidx.text.HAL_UART_Receive), (8 bytes).
    Removing stm32f4xx_hal_uart.o(.text.HAL_UART_Transmit_IT), (60 bytes).
    Removing stm32f4xx_hal_uart.o(.ARM.exidx.text.HAL_UART_Transmit_IT), (8 bytes).
    Removing stm32f4xx_hal_uart.o(.text.HAL_UART_Receive_IT), (76 bytes).
    Removing stm32f4xx_hal_uart.o(.ARM.exidx.text.HAL_UART_Receive_IT), (8 bytes).
    Removing stm32f4xx_hal_uart.o(.text.HAL_UART_Transmit_DMA), (120 bytes).
    Removing stm32f4xx_hal_uart.o(.ARM.exidx.text.HAL_UART_Transmit_DMA), (8 bytes).
    Removing stm32f4xx_hal_uart.o(.text.UART_DMATransmitCplt), (38 bytes).
    Removing stm32f4xx_hal_uart.o(.ARM.exidx.text.UART_DMATransmitCplt), (8 bytes).
    Removing stm32f4xx_hal_uart.o(.text.UART_DMATxHalfCplt), (6 bytes).
    Removing stm32f4xx_hal_uart.o(.ARM.exidx.text.UART_DMATxHalfCplt), (8 bytes).
    Removing stm32f4xx_hal_uart.o(.text.UART_DMAError), (84 bytes).
    Removing stm32f4xx_hal_uart.o(.ARM.exidx.text.UART_DMAError), (8 bytes).
    Removing stm32f4xx_hal_uart.o(.text.HAL_UART_Receive_DMA), (144 bytes).
    Removing stm32f4xx_hal_uart.o(.ARM.exidx.text.HAL_UART_Receive_DMA), (8 bytes).
    Removing stm32f4xx_hal_uart.o(.text.UART_DMAReceiveCplt), (54 bytes).
    Removing stm32f4xx_hal_uart.o(.ARM.exidx.text.UART_DMAReceiveCplt), (8 bytes).
    Removing stm32f4xx_hal_uart.o(.text.UART_DMARxHalfCplt), (6 bytes).
    Removing stm32f4xx_hal_uart.o(.ARM.exidx.text.UART_DMARxHalfCplt), (8 bytes).
    Removing stm32f4xx_hal_uart.o(.text.HAL_UART_DMAPause), (94 bytes).
    Removing stm32f4xx_hal_uart.o(.ARM.exidx.text.HAL_UART_DMAPause), (8 bytes).
    Removing stm32f4xx_hal_uart.o(.text.HAL_UART_DMAResume), (98 bytes).
    Removing stm32f4xx_hal_uart.o(.ARM.exidx.text.HAL_UART_DMAResume), (8 bytes).
    Removing stm32f4xx_hal_uart.o(.text.HAL_UART_DMAStop), (104 bytes).
    Removing stm32f4xx_hal_uart.o(.ARM.exidx.text.HAL_UART_DMAStop), (8 bytes).
    Removing stm32f4xx_hal_uart.o(.text.UART_EndRxTransfer), (26 bytes).
    Removing stm32f4xx_hal_uart.o(.ARM.exidx.text.UART_EndRxTransfer), (8 bytes).
    Removing stm32f4xx_hal_uart.o(.text.HAL_UART_Abort), (128 bytes).
    Removing stm32f4xx_hal_uart.o(.ARM.exidx.text.HAL_UART_Abort), (8 bytes).
    Removing stm32f4xx_hal_uart.o(.text.HAL_UART_AbortTransmit), (72 bytes).
    Removing stm32f4xx_hal_uart.o(.ARM.exidx.text.HAL_UART_AbortTransmit), (8 bytes).
    Removing stm32f4xx_hal_uart.o(.text.HAL_UART_AbortReceive), (80 bytes).
    Removing stm32f4xx_hal_uart.o(.ARM.exidx.text.HAL_UART_AbortReceive), (8 bytes).
    Removing stm32f4xx_hal_uart.o(.text.HAL_UART_Abort_IT), (160 bytes).
    Removing stm32f4xx_hal_uart.o(.ARM.exidx.text.HAL_UART_Abort_IT), (8 bytes).
    Removing stm32f4xx_hal_uart.o(.text.UART_DMATxAbortCallback), (38 bytes).
    Removing stm32f4xx_hal_uart.o(.ARM.exidx.text.UART_DMATxAbortCallback), (8 bytes).
    Removing stm32f4xx_hal_uart.o(.text.UART_DMARxAbortCallback), (38 bytes).
    Removing stm32f4xx_hal_uart.o(.ARM.exidx.text.UART_DMARxAbortCallback), (8 bytes).
    Removing stm32f4xx_hal_uart.o(.text.HAL_UART_AbortCpltCallback), (2 bytes).
    Removing stm32f4xx_hal_uart.o(.ARM.exidx.text.HAL_UART_AbortCpltCallback), (8 bytes).
    Removing stm32f4xx_hal_uart.o(.text.HAL_UART_AbortTransmit_IT), (76 bytes).
    Removing stm32f4xx_hal_uart.o(.ARM.exidx.text.HAL_UART_AbortTransmit_IT), (8 bytes).
    Removing stm32f4xx_hal_uart.o(.text.UART_DMATxOnlyAbortCallback), (16 bytes).
    Removing stm32f4xx_hal_uart.o(.ARM.exidx.text.UART_DMATxOnlyAbortCallback), (8 bytes).
    Removing stm32f4xx_hal_uart.o(.text.HAL_UART_AbortTransmitCpltCallback), (2 bytes).
    Removing stm32f4xx_hal_uart.o(.ARM.exidx.text.HAL_UART_AbortTransmitCpltCallback), (8 bytes).
    Removing stm32f4xx_hal_uart.o(.text.HAL_UART_AbortReceive_IT), (84 bytes).
    Removing stm32f4xx_hal_uart.o(.ARM.exidx.text.HAL_UART_AbortReceive_IT), (8 bytes).
    Removing stm32f4xx_hal_uart.o(.text.UART_DMARxOnlyAbortCallback), (16 bytes).
    Removing stm32f4xx_hal_uart.o(.ARM.exidx.text.UART_DMARxOnlyAbortCallback), (8 bytes).
    Removing stm32f4xx_hal_uart.o(.text.HAL_UART_AbortReceiveCpltCallback), (2 bytes).
    Removing stm32f4xx_hal_uart.o(.ARM.exidx.text.HAL_UART_AbortReceiveCpltCallback), (8 bytes).
    Removing stm32f4xx_hal_uart.o(.text.HAL_UART_IRQHandler), (348 bytes).
    Removing stm32f4xx_hal_uart.o(.ARM.exidx.text.HAL_UART_IRQHandler), (8 bytes).
    Removing stm32f4xx_hal_uart.o(.text.UART_Receive_IT), (122 bytes).
    Removing stm32f4xx_hal_uart.o(.ARM.exidx.text.UART_Receive_IT), (8 bytes).
    Removing stm32f4xx_hal_uart.o(.text.UART_DMAAbortOnError), (12 bytes).
    Removing stm32f4xx_hal_uart.o(.ARM.exidx.text.UART_DMAAbortOnError), (8 bytes).
    Removing stm32f4xx_hal_uart.o(.text.HAL_UART_ErrorCallback), (2 bytes).
    Removing stm32f4xx_hal_uart.o(.ARM.exidx.text.HAL_UART_ErrorCallback), (8 bytes).
    Removing stm32f4xx_hal_uart.o(.text.HAL_UART_TxCpltCallback), (2 bytes).
    Removing stm32f4xx_hal_uart.o(.ARM.exidx.text.HAL_UART_TxCpltCallback), (8 bytes).
    Removing stm32f4xx_hal_uart.o(.text.HAL_UART_TxHalfCpltCallback), (2 bytes).
    Removing stm32f4xx_hal_uart.o(.ARM.exidx.text.HAL_UART_TxHalfCpltCallback), (8 bytes).
    Removing stm32f4xx_hal_uart.o(.text.HAL_UART_RxCpltCallback), (2 bytes).
    Removing stm32f4xx_hal_uart.o(.ARM.exidx.text.HAL_UART_RxCpltCallback), (8 bytes).
    Removing stm32f4xx_hal_uart.o(.text.HAL_UART_RxHalfCpltCallback), (2 bytes).
    Removing stm32f4xx_hal_uart.o(.ARM.exidx.text.HAL_UART_RxHalfCpltCallback), (8 bytes).
    Removing stm32f4xx_hal_uart.o(.text.HAL_LIN_SendBreak), (44 bytes).
    Removing stm32f4xx_hal_uart.o(.ARM.exidx.text.HAL_LIN_SendBreak), (8 bytes).
    Removing stm32f4xx_hal_uart.o(.text.HAL_MultiProcessor_EnterMuteMode), (44 bytes).
    Removing stm32f4xx_hal_uart.o(.ARM.exidx.text.HAL_MultiProcessor_EnterMuteMode), (8 bytes).
    Removing stm32f4xx_hal_uart.o(.text.HAL_MultiProcessor_ExitMuteMode), (44 bytes).
    Removing stm32f4xx_hal_uart.o(.ARM.exidx.text.HAL_MultiProcessor_ExitMuteMode), (8 bytes).
    Removing stm32f4xx_hal_uart.o(.text.HAL_HalfDuplex_EnableTransmitter), (44 bytes).
    Removing stm32f4xx_hal_uart.o(.ARM.exidx.text.HAL_HalfDuplex_EnableTransmitter), (8 bytes).
    Removing stm32f4xx_hal_uart.o(.text.HAL_HalfDuplex_EnableReceiver), (46 bytes).
    Removing stm32f4xx_hal_uart.o(.ARM.exidx.text.HAL_HalfDuplex_EnableReceiver), (8 bytes).
    Removing stm32f4xx_hal_uart.o(.text.HAL_UART_GetState), (14 bytes).
    Removing stm32f4xx_hal_uart.o(.ARM.exidx.text.HAL_UART_GetState), (8 bytes).
    Removing stm32f4xx_hal_uart.o(.text.HAL_UART_GetError), (4 bytes).
    Removing stm32f4xx_hal_uart.o(.ARM.exidx.text.HAL_UART_GetError), (8 bytes).
    Removing system_stm32f4xx.o(.text), (0 bytes).
    Removing system_stm32f4xx.o(.ARM.exidx.text.SystemInit), (8 bytes).
    Removing system_stm32f4xx.o(.text.SystemCoreClockUpdate), (108 bytes).
    Removing system_stm32f4xx.o(.ARM.exidx.text.SystemCoreClockUpdate), (8 bytes).
    Removing ads1292r.o(.text), (0 bytes).
    Removing ads1292r.o(.ARM.exidx.text.ADS1292R_SetBuffer), (8 bytes).
    Removing ads1292r.o(.ARM.exidx.text.ADS1292R_SPI_TransmitReceive), (8 bytes).
    Removing ads1292r.o(.ARM.exidx.text.ADS1292R_SendCmd), (8 bytes).
    Removing ads1292r.o(.ARM.exidx.text.ADS1292R_RwReg), (8 bytes).
    Removing ads1292r.o(.ARM.exidx.text.ADS1292R_WriteMultiRegs), (8 bytes).
    Removing ads1292r.o(.text.ADS1292R_ReadMultiRegs), (88 bytes).
    Removing ads1292r.o(.ARM.exidx.text.ADS1292R_ReadMultiRegs), (8 bytes).
    Removing ads1292r.o(.ARM.exidx.text.ADS1292R_GetValue), (8 bytes).
    Removing ads1292r.o(.ARM.exidx.text.ADS1292R_Init), (8 bytes).
    Removing ads1292r.o(.ARM.exidx.text.ADS1292R_ADCStartNormal), (8 bytes).
    Removing ads1292r.o(.text.ADS1292R_ADCStartTest), (104 bytes).
    Removing ads1292r.o(.ARM.exidx.text.ADS1292R_ADCStartTest), (8 bytes).
    Removing dadd.o(.text), (334 bytes).
    Removing dmul.o(.text), (228 bytes).
    Removing ddiv.o(.text), (222 bytes).
    Removing dfixul.o(.text), (48 bytes).
    Removing cdrcmple.o(.text), (48 bytes).
    Removing depilogue.o(.text), (186 bytes).

578 unused section(s) (total 19956 bytes) removed from the image.

==============================================================================

Image Symbol Table

    Local Symbols

    Symbol Name                              Value     Ov Type        Size  Object(Section)

    ../clib/microlib/division.c              0x00000000   Number         0  uldiv.o ABSOLUTE
    ../clib/microlib/division.c              0x00000000   Number         0  uidiv.o ABSOLUTE
    ../clib/microlib/init/entry.s            0x00000000   Number         0  entry.o ABSOLUTE
    ../clib/microlib/init/entry.s            0x00000000   Number         0  entry2.o ABSOLUTE
    ../clib/microlib/init/entry.s            0x00000000   Number         0  entry5.o ABSOLUTE
    ../clib/microlib/init/entry.s            0x00000000   Number         0  entry7a.o ABSOLUTE
    ../clib/microlib/init/entry.s            0x00000000   Number         0  entry7b.o ABSOLUTE
    ../clib/microlib/init/entry.s            0x00000000   Number         0  entry8a.o ABSOLUTE
    ../clib/microlib/init/entry.s            0x00000000   Number         0  entry8b.o ABSOLUTE
    ../clib/microlib/init/entry.s            0x00000000   Number         0  entry9a.o ABSOLUTE
    ../clib/microlib/init/entry.s            0x00000000   Number         0  entry9b.o ABSOLUTE
    ../clib/microlib/init/entry.s            0x00000000   Number         0  entry10a.o ABSOLUTE
    ../clib/microlib/init/entry.s            0x00000000   Number         0  entry10b.o ABSOLUTE
    ../clib/microlib/init/entry.s            0x00000000   Number         0  entry11a.o ABSOLUTE
    ../clib/microlib/init/entry.s            0x00000000   Number         0  entry11b.o ABSOLUTE
    ../clib/microlib/longlong.c              0x00000000   Number         0  llshl.o ABSOLUTE
    ../clib/microlib/longlong.c              0x00000000   Number         0  llushr.o ABSOLUTE
    ../clib/microlib/longlong.c              0x00000000   Number         0  llsshr.o ABSOLUTE
    ../clib/microlib/printf/printf.c         0x00000000   Number         0  printfb.o ABSOLUTE
    ../clib/microlib/printf/printf.c         0x00000000   Number         0  printf0.o ABSOLUTE
    ../clib/microlib/printf/printf.c         0x00000000   Number         0  printf1.o ABSOLUTE
    ../clib/microlib/printf/printf.c         0x00000000   Number         0  printf2.o ABSOLUTE
    ../clib/microlib/printf/printf.c         0x00000000   Number         0  printf3.o ABSOLUTE
    ../clib/microlib/printf/printf.c         0x00000000   Number         0  printf4.o ABSOLUTE
    ../clib/microlib/printf/printf.c         0x00000000   Number         0  printf5.o ABSOLUTE
    ../clib/microlib/printf/printf.c         0x00000000   Number         0  printf6.o ABSOLUTE
    ../clib/microlib/printf/printf.c         0x00000000   Number         0  printf7.o ABSOLUTE
    ../clib/microlib/printf/printf.c         0x00000000   Number         0  printf8.o ABSOLUTE
    ../clib/microlib/printf/printf.c         0x00000000   Number         0  printfa.o ABSOLUTE
    ../clib/microlib/printf/stubs.s          0x00000000   Number         0  stubs.o ABSOLUTE
    ../clib/microlib/stdio/streams.c         0x00000000   Number         0  stdout.o ABSOLUTE
    ../clib/microlib/string/memset.c         0x00000000   Number         0  memseta.o ABSOLUTE
    ../clib/microlib/stubs.s                 0x00000000   Number         0  iusefp.o ABSOLUTE
    ../fplib/microlib/fpadd.c                0x00000000   Number         0  dadd.o ABSOLUTE
    ../fplib/microlib/fpdiv.c                0x00000000   Number         0  ddiv.o ABSOLUTE
    ../fplib/microlib/fpepilogue.c           0x00000000   Number         0  depilogue.o ABSOLUTE
    ../fplib/microlib/fpfix.c                0x00000000   Number         0  dfixul.o ABSOLUTE
    ../fplib/microlib/fpmul.c                0x00000000   Number         0  dmul.o ABSOLUTE
    ads1292r.c                               0x00000000   Number         0  ads1292r.o ABSOLUTE
    cdrcmple.s                               0x00000000   Number         0  cdrcmple.o ABSOLUTE
    dc.s                                     0x00000000   Number         0  dc.o ABSOLUTE
    gpio.c                                   0x00000000   Number         0  gpio.o ABSOLUTE
    handlers.s                               0x00000000   Number         0  handlers.o ABSOLUTE
    hmi_uart.c                               0x00000000   Number         0  hmi_uart.o ABSOLUTE
    init.s                                   0x00000000   Number         0  init.o ABSOLUTE
    main.c                                   0x00000000   Number         0  main.o ABSOLUTE
    spi.c                                    0x00000000   Number         0  spi.o ABSOLUTE
    startup_stm32f407xx.s                    0x00000000   Number         0  startup_stm32f407xx.o ABSOLUTE
    stm32f4xx_hal.c                          0x00000000   Number         0  stm32f4xx_hal.o ABSOLUTE
    stm32f4xx_hal_cortex.c                   0x00000000   Number         0  stm32f4xx_hal_cortex.o ABSOLUTE
    stm32f4xx_hal_dma.c                      0x00000000   Number         0  stm32f4xx_hal_dma.o ABSOLUTE
    stm32f4xx_hal_dma_ex.c                   0x00000000   Number         0  stm32f4xx_hal_dma_ex.o ABSOLUTE
    stm32f4xx_hal_exti.c                     0x00000000   Number         0  stm32f4xx_hal_exti.o ABSOLUTE
    stm32f4xx_hal_flash.c                    0x00000000   Number         0  stm32f4xx_hal_flash.o ABSOLUTE
    stm32f4xx_hal_flash_ex.c                 0x00000000   Number         0  stm32f4xx_hal_flash_ex.o ABSOLUTE
    stm32f4xx_hal_flash_ramfunc.c            0x00000000   Number         0  stm32f4xx_hal_flash_ramfunc.o ABSOLUTE
    stm32f4xx_hal_gpio.c                     0x00000000   Number         0  stm32f4xx_hal_gpio.o ABSOLUTE
    stm32f4xx_hal_msp.c                      0x00000000   Number         0  stm32f4xx_hal_msp.o ABSOLUTE
    stm32f4xx_hal_pwr.c                      0x00000000   Number         0  stm32f4xx_hal_pwr.o ABSOLUTE
    stm32f4xx_hal_pwr_ex.c                   0x00000000   Number         0  stm32f4xx_hal_pwr_ex.o ABSOLUTE
    stm32f4xx_hal_rcc.c                      0x00000000   Number         0  stm32f4xx_hal_rcc.o ABSOLUTE
    stm32f4xx_hal_rcc_ex.c                   0x00000000   Number         0  stm32f4xx_hal_rcc_ex.o ABSOLUTE
    stm32f4xx_hal_spi.c                      0x00000000   Number         0  stm32f4xx_hal_spi.o ABSOLUTE
    stm32f4xx_hal_tim.c                      0x00000000   Number         0  stm32f4xx_hal_tim.o ABSOLUTE
    stm32f4xx_hal_tim_ex.c                   0x00000000   Number         0  stm32f4xx_hal_tim_ex.o ABSOLUTE
    stm32f4xx_hal_uart.c                     0x00000000   Number         0  stm32f4xx_hal_uart.o ABSOLUTE
    stm32f4xx_it.c                           0x00000000   Number         0  stm32f4xx_it.o ABSOLUTE
    system_stm32f4xx.c                       0x00000000   Number         0  system_stm32f4xx.o ABSOLUTE
    usart.c                                  0x00000000   Number         0  usart.o ABSOLUTE
    RESET                                    0x08000000   Section      392  startup_stm32f407xx.o(RESET)
    .ARM.Collect$$$$00000000                 0x08000188   Section        0  entry.o(.ARM.Collect$$$$00000000)
    .ARM.Collect$$$$00000001                 0x08000188   Section        4  entry2.o(.ARM.Collect$$$$00000001)
    .ARM.Collect$$$$00000004                 0x0800018c   Section        4  entry5.o(.ARM.Collect$$$$00000004)
    .ARM.Collect$$$$00000008                 0x08000190   Section        0  entry7b.o(.ARM.Collect$$$$00000008)
    .ARM.Collect$$$$0000000A                 0x08000190   Section        0  entry8b.o(.ARM.Collect$$$$0000000A)
    .ARM.Collect$$$$0000000B                 0x08000190   Section        8  entry9a.o(.ARM.Collect$$$$0000000B)
    __lit__00000000                          0x08000198   Data           4  entry2.o(.ARM.Collect$$$$00002712)
    .ARM.Collect$$$$0000000D                 0x08000198   Section        0  entry10a.o(.ARM.Collect$$$$0000000D)
    .ARM.Collect$$$$0000000F                 0x08000198   Section        0  entry11a.o(.ARM.Collect$$$$0000000F)
    .ARM.Collect$$$$00002712                 0x08000198   Section        4  entry2.o(.ARM.Collect$$$$00002712)
    $v0                                      0x0800019c   Number         0  startup_stm32f407xx.o(.text)
    .text                                    0x0800019c   Section       36  startup_stm32f407xx.o(.text)
    .text                                    0x080001c0   Section        0  uldiv.o(.text)
    .text                                    0x08000222   Section        0  memseta.o(.text)
    .text                                    0x08000246   Section        0  uidiv.o(.text)
    .text                                    0x08000272   Section        0  llshl.o(.text)
    .text                                    0x08000290   Section        0  llushr.o(.text)
    .text                                    0x080002b0   Section       36  init.o(.text)
    [Anonymous Symbol]                       0x080002d4   Section        0  ads1292r.o(.text.ADS1292R_ADCStartNormal)
    [Anonymous Symbol]                       0x08000310   Section        0  ads1292r.o(.text.ADS1292R_GetValue)
    [Anonymous Symbol]                       0x08000344   Section        0  ads1292r.o(.text.ADS1292R_Init)
    __arm_cp.7_0                             0x08000414   Number         4  ads1292r.o(.text.ADS1292R_Init)
    __arm_cp.7_1                             0x08000418   Number         4  ads1292r.o(.text.ADS1292R_Init)
    __arm_cp.7_2                             0x0800041c   Number         4  ads1292r.o(.text.ADS1292R_Init)
    __arm_cp.7_3                             0x08000420   Number         4  ads1292r.o(.text.ADS1292R_Init)
    [Anonymous Symbol]                       0x0800043c   Section        0  ads1292r.o(.text.ADS1292R_RwReg)
    __arm_cp.3_1                             0x08000484   Number         4  ads1292r.o(.text.ADS1292R_RwReg)
    [Anonymous Symbol]                       0x08000488   Section        0  ads1292r.o(.text.ADS1292R_SPI_TransmitReceive)
    __arm_cp.1_0                             0x080004b4   Number         4  ads1292r.o(.text.ADS1292R_SPI_TransmitReceive)
    [Anonymous Symbol]                       0x080004b8   Section        0  ads1292r.o(.text.ADS1292R_SendCmd)
    [Anonymous Symbol]                       0x080004ec   Section        0  ads1292r.o(.text.ADS1292R_SetBuffer)
    __arm_cp.0_0                             0x0800066c   Number         4  ads1292r.o(.text.ADS1292R_SetBuffer)
    __arm_cp.0_1                             0x08000670   Number         4  ads1292r.o(.text.ADS1292R_SetBuffer)
    [Anonymous Symbol]                       0x08000674   Section        0  ads1292r.o(.text.ADS1292R_WriteMultiRegs)
    __arm_cp.4_0                             0x080006d0   Number         4  ads1292r.o(.text.ADS1292R_WriteMultiRegs)
    [Anonymous Symbol]                       0x080006d4   Section        0  stm32f4xx_it.o(.text.BusFault_Handler)
    [Anonymous Symbol]                       0x080006d6   Section        0  stm32f4xx_it.o(.text.DebugMon_Handler)
    [Anonymous Symbol]                       0x080006d8   Section        0  stm32f4xx_it.o(.text.EXTI0_IRQHandler)
    [Anonymous Symbol]                       0x080006de   Section        0  main.o(.text.Error_Handler)
    [Anonymous Symbol]                       0x080006e0   Section        0  stm32f4xx_hal.o(.text.HAL_Delay)
    [Anonymous Symbol]                       0x08000700   Section        0  main.o(.text.HAL_GPIO_EXTI_Callback)
    __arm_cp.4_0                             0x08000718   Number         4  main.o(.text.HAL_GPIO_EXTI_Callback)
    [Anonymous Symbol]                       0x0800071c   Section        0  stm32f4xx_hal_gpio.o(.text.HAL_GPIO_EXTI_IRQHandler)
    __arm_cp.6_0                             0x0800072c   Number         4  stm32f4xx_hal_gpio.o(.text.HAL_GPIO_EXTI_IRQHandler)
    [Anonymous Symbol]                       0x08000730   Section        0  stm32f4xx_hal_gpio.o(.text.HAL_GPIO_Init)
    __arm_cp.0_0                             0x0800089c   Number         4  stm32f4xx_hal_gpio.o(.text.HAL_GPIO_Init)
    __arm_cp.0_1                             0x080008a0   Number         4  stm32f4xx_hal_gpio.o(.text.HAL_GPIO_Init)
    __arm_cp.0_2                             0x080008a4   Number         4  stm32f4xx_hal_gpio.o(.text.HAL_GPIO_Init)
    __arm_cp.0_3                             0x080008a8   Number         4  stm32f4xx_hal_gpio.o(.text.HAL_GPIO_Init)
    __arm_cp.0_4                             0x080008ac   Number         4  stm32f4xx_hal_gpio.o(.text.HAL_GPIO_Init)
    __arm_cp.0_5                             0x080008b0   Number         4  stm32f4xx_hal_gpio.o(.text.HAL_GPIO_Init)
    [Anonymous Symbol]                       0x080008b4   Section        0  stm32f4xx_hal_gpio.o(.text.HAL_GPIO_WritePin)
    [Anonymous Symbol]                       0x080008c0   Section        0  stm32f4xx_hal.o(.text.HAL_GetTick)
    [Anonymous Symbol]                       0x080008c8   Section        0  stm32f4xx_hal.o(.text.HAL_IncTick)
    __arm_cp.5_1                             0x080008d8   Number         4  stm32f4xx_hal.o(.text.HAL_IncTick)
    [Anonymous Symbol]                       0x080008dc   Section        0  stm32f4xx_hal.o(.text.HAL_Init)
    __arm_cp.0_0                             0x0800090c   Number         4  stm32f4xx_hal.o(.text.HAL_Init)
    [Anonymous Symbol]                       0x08000910   Section        0  stm32f4xx_hal.o(.text.HAL_InitTick)
    __arm_cp.1_0                             0x08000948   Number         4  stm32f4xx_hal.o(.text.HAL_InitTick)
    [Anonymous Symbol]                       0x0800094c   Section        0  stm32f4xx_hal_msp.o(.text.HAL_MspInit)
    __arm_cp.0_0                             0x08000984   Number         4  stm32f4xx_hal_msp.o(.text.HAL_MspInit)
    [Anonymous Symbol]                       0x08000988   Section        0  stm32f4xx_hal_cortex.o(.text.HAL_NVIC_EnableIRQ)
    __arm_cp.3_0                             0x080009a0   Number         4  stm32f4xx_hal_cortex.o(.text.HAL_NVIC_EnableIRQ)
    [Anonymous Symbol]                       0x080009a4   Section        0  stm32f4xx_hal_cortex.o(.text.HAL_NVIC_SetPriority)
    [Anonymous Symbol]                       0x080009e0   Section        0  stm32f4xx_hal_cortex.o(.text.HAL_NVIC_SetPriorityGrouping)
    __arm_cp.0_0                             0x080009f8   Number         4  stm32f4xx_hal_cortex.o(.text.HAL_NVIC_SetPriorityGrouping)
    __arm_cp.0_1                             0x080009fc   Number         4  stm32f4xx_hal_cortex.o(.text.HAL_NVIC_SetPriorityGrouping)
    [Anonymous Symbol]                       0x08000a00   Section        0  stm32f4xx_hal_rcc.o(.text.HAL_RCC_ClockConfig)
    __arm_cp.2_0                             0x08000b20   Number         4  stm32f4xx_hal_rcc.o(.text.HAL_RCC_ClockConfig)
    __arm_cp.2_1                             0x08000b24   Number         4  stm32f4xx_hal_rcc.o(.text.HAL_RCC_ClockConfig)
    __arm_cp.2_3                             0x08000b28   Number         4  stm32f4xx_hal_rcc.o(.text.HAL_RCC_ClockConfig)
    [Anonymous Symbol]                       0x08000b2c   Section        0  stm32f4xx_hal_rcc.o(.text.HAL_RCC_GetPCLK1Freq)
    [Anonymous Symbol]                       0x08000b40   Section        0  stm32f4xx_hal_rcc.o(.text.HAL_RCC_GetPCLK2Freq)
    __arm_cp.9_0                             0x08000b54   Number         4  stm32f4xx_hal_rcc.o(.text.HAL_RCC_GetPCLK2Freq)
    __arm_cp.9_1                             0x08000b58   Number         4  stm32f4xx_hal_rcc.o(.text.HAL_RCC_GetPCLK2Freq)
    __arm_cp.9_2                             0x08000b5c   Number         4  stm32f4xx_hal_rcc.o(.text.HAL_RCC_GetPCLK2Freq)
    [Anonymous Symbol]                       0x08000b60   Section        0  stm32f4xx_hal_rcc.o(.text.HAL_RCC_GetSysClockFreq)
    __arm_cp.3_0                             0x08000bb0   Number         4  stm32f4xx_hal_rcc.o(.text.HAL_RCC_GetSysClockFreq)
    __arm_cp.3_1                             0x08000bb4   Number         4  stm32f4xx_hal_rcc.o(.text.HAL_RCC_GetSysClockFreq)
    __arm_cp.3_2                             0x08000bb8   Number         4  stm32f4xx_hal_rcc.o(.text.HAL_RCC_GetSysClockFreq)
    [Anonymous Symbol]                       0x08000bbc   Section        0  stm32f4xx_hal_rcc.o(.text.HAL_RCC_OscConfig)
    __arm_cp.1_0                             0x08000eb8   Number         4  stm32f4xx_hal_rcc.o(.text.HAL_RCC_OscConfig)
    __arm_cp.1_1                             0x08000ebc   Number         4  stm32f4xx_hal_rcc.o(.text.HAL_RCC_OscConfig)
    __arm_cp.1_2                             0x08000ec0   Number         4  stm32f4xx_hal_rcc.o(.text.HAL_RCC_OscConfig)
    [Anonymous Symbol]                       0x08000ec4   Section        0  stm32f4xx_hal_spi.o(.text.HAL_SPI_Init)
    [Anonymous Symbol]                       0x08000f44   Section        0  spi.o(.text.HAL_SPI_MspInit)
    __arm_cp.1_0                             0x08000fa8   Number         4  spi.o(.text.HAL_SPI_MspInit)
    [Anonymous Symbol]                       0x08000fac   Section        0  stm32f4xx_hal_spi.o(.text.HAL_SPI_TransmitReceive)
    [Anonymous Symbol]                       0x08001180   Section        0  stm32f4xx_hal_cortex.o(.text.HAL_SYSTICK_Config)
    __arm_cp.7_0                             0x080011a0   Number         4  stm32f4xx_hal_cortex.o(.text.HAL_SYSTICK_Config)
    __arm_cp.7_1                             0x080011a4   Number         4  stm32f4xx_hal_cortex.o(.text.HAL_SYSTICK_Config)
    [Anonymous Symbol]                       0x080011a8   Section        0  stm32f4xx_hal_uart.o(.text.HAL_UART_Init)
    [Anonymous Symbol]                       0x08001204   Section        0  usart.o(.text.HAL_UART_MspInit)
    __arm_cp.1_1                             0x08001268   Number         4  usart.o(.text.HAL_UART_MspInit)
    [Anonymous Symbol]                       0x0800126c   Section        0  stm32f4xx_hal_uart.o(.text.HAL_UART_Transmit)
    [Anonymous Symbol]                       0x08001318   Section        0  hmi_uart.o(.text.HMI_printf)
    __arm_cp.1_1                             0x0800133c   Number         4  hmi_uart.o(.text.HMI_printf)
    [Anonymous Symbol]                       0x08001340   Section        0  stm32f4xx_it.o(.text.HardFault_Handler)
    [Anonymous Symbol]                       0x08001344   Section        0  gpio.o(.text.MX_GPIO_Init)
    __arm_cp.0_0                             0x08001420   Number         4  gpio.o(.text.MX_GPIO_Init)
    __arm_cp.0_1                             0x08001424   Number         4  gpio.o(.text.MX_GPIO_Init)
    __arm_cp.0_2                             0x08001428   Number         4  gpio.o(.text.MX_GPIO_Init)
    __arm_cp.0_3                             0x0800142c   Number         4  gpio.o(.text.MX_GPIO_Init)
    [Anonymous Symbol]                       0x08001430   Section        0  spi.o(.text.MX_SPI1_Init)
    __arm_cp.0_0                             0x0800146c   Number         4  spi.o(.text.MX_SPI1_Init)
    __arm_cp.0_1                             0x08001470   Number         4  spi.o(.text.MX_SPI1_Init)
    [Anonymous Symbol]                       0x08001474   Section        0  usart.o(.text.MX_USART3_UART_Init)
    __arm_cp.0_1                             0x080014a8   Number         4  usart.o(.text.MX_USART3_UART_Init)
    [Anonymous Symbol]                       0x080014ac   Section        0  stm32f4xx_it.o(.text.MemManage_Handler)
    [Anonymous Symbol]                       0x080014ae   Section        0  stm32f4xx_it.o(.text.NMI_Handler)
    [Anonymous Symbol]                       0x080014b0   Section        0  stm32f4xx_it.o(.text.PendSV_Handler)
    SPI_EndRxTxTransaction                   0x080014b5   Thumb Code    92  stm32f4xx_hal_spi.o(.text.SPI_EndRxTxTransaction)
    [Anonymous Symbol]                       0x080014b4   Section        0  stm32f4xx_hal_spi.o(.text.SPI_EndRxTxTransaction)
    __arm_cp.5_0                             0x08001508   Number         4  stm32f4xx_hal_spi.o(.text.SPI_EndRxTxTransaction)
    __arm_cp.5_1                             0x0800150c   Number         4  stm32f4xx_hal_spi.o(.text.SPI_EndRxTxTransaction)
    SPI_WaitFlagStateUntilTimeout            0x08001511   Thumb Code   128  stm32f4xx_hal_spi.o(.text.SPI_WaitFlagStateUntilTimeout)
    [Anonymous Symbol]                       0x08001510   Section        0  stm32f4xx_hal_spi.o(.text.SPI_WaitFlagStateUntilTimeout)
    [Anonymous Symbol]                       0x08001590   Section        0  stm32f4xx_it.o(.text.SVC_Handler)
    [Anonymous Symbol]                       0x08001592   Section        0  stm32f4xx_it.o(.text.SysTick_Handler)
    [Anonymous Symbol]                       0x08001598   Section        0  main.o(.text.SystemClock_Config)
    __arm_cp.1_0                             0x08001618   Number         4  main.o(.text.SystemClock_Config)
    __arm_cp.1_1                             0x0800161c   Number         4  main.o(.text.SystemClock_Config)
    [Anonymous Symbol]                       0x08001620   Section        0  system_stm32f4xx.o(.text.SystemInit)
    __arm_cp.0_0                             0x08001638   Number         4  system_stm32f4xx.o(.text.SystemInit)
    UART_SetConfig                           0x0800163d   Thumb Code   224  stm32f4xx_hal_uart.o(.text.UART_SetConfig)
    [Anonymous Symbol]                       0x0800163c   Section        0  stm32f4xx_hal_uart.o(.text.UART_SetConfig)
    __arm_cp.2_0                             0x08001718   Number         4  stm32f4xx_hal_uart.o(.text.UART_SetConfig)
    UART_WaitOnFlagUntilTimeout              0x0800171d   Thumb Code    88  stm32f4xx_hal_uart.o(.text.UART_WaitOnFlagUntilTimeout)
    [Anonymous Symbol]                       0x0800171c   Section        0  stm32f4xx_hal_uart.o(.text.UART_WaitOnFlagUntilTimeout)
    [Anonymous Symbol]                       0x08001774   Section        0  stm32f4xx_it.o(.text.UsageFault_Handler)
    __NVIC_SetPriority                       0x08001779   Thumb Code    36  stm32f4xx_hal_cortex.o(.text.__NVIC_SetPriority)
    [Anonymous Symbol]                       0x08001778   Section        0  stm32f4xx_hal_cortex.o(.text.__NVIC_SetPriority)
    __arm_cp.2_0                             0x08001794   Number         4  stm32f4xx_hal_cortex.o(.text.__NVIC_SetPriority)
    __arm_cp.2_1                             0x08001798   Number         4  stm32f4xx_hal_cortex.o(.text.__NVIC_SetPriority)
    [Anonymous Symbol]                       0x0800179c   Section        0  hmi_uart.o(.text.fputc)
    __arm_cp.0_0                             0x080017b4   Number         4  hmi_uart.o(.text.fputc)
    [Anonymous Symbol]                       0x080017b8   Section        0  main.o(.text.main)
    __arm_cp.0_0                             0x080017fc   Number         4  main.o(.text.main)
    __arm_cp.0_1                             0x08001800   Number         4  main.o(.text.main)
    i.__0printf$3                            0x08001804   Section        0  printf3.o(i.__0printf$3)
    i.__scatterload_copy                     0x08001824   Section       14  handlers.o(i.__scatterload_copy)
    i.__scatterload_null                     0x08001832   Section        2  handlers.o(i.__scatterload_null)
    i.__scatterload_zeroinit                 0x08001834   Section       14  handlers.o(i.__scatterload_zeroinit)
    _printf_core                             0x08001845   Thumb Code   436  printf3.o(i._printf_core)
    i._printf_core                           0x08001844   Section        0  printf3.o(i._printf_core)
    .data                                    0x20000000   Section        4  stdout.o(.data)
    [Anonymous Symbol]                       0x20000004   Section        0  stm32f4xx_hal.o(.data..L_MergedGlobals)
    [Anonymous Symbol]                       0x2000000c   Section        0  ads1292r.o(.data..L_MergedGlobals)
    [Anonymous Symbol]                       0x20000038   Section        0  ads1292r.o(.bss..L_MergedGlobals.2)
    STACK                                    0x20000100   Section     1024  startup_stm32f407xx.o(STACK)

    Global Symbols

    Symbol Name                              Value     Ov Type        Size  Object(Section)

    BuildAttributes$$THM_ISAv4$E$P$D$K$B$S$7EM$VFPi3$EXTD16$VFPS$VFMA$PE$A:L22UL41UL21$X:L11$S22US41US21$IEEE1$IW$~IW$USESV6$~STKCKD$USESV7$~SHL$OSPACE$ROPI$EBA8$MICROLIB$REQ8$PRES8$EABIv2 0x00000000   Number         0  anon$$obj.o ABSOLUTE
    _printf_a                                0x00000000   Number         0  stubs.o ABSOLUTE
    _printf_c                                0x00000000   Number         0  stubs.o ABSOLUTE
    _printf_charcount                        0x00000000   Number         0  stubs.o ABSOLUTE
    _printf_d                                0x00000000   Number         0  stubs.o ABSOLUTE
    _printf_e                                0x00000000   Number         0  stubs.o ABSOLUTE
    _printf_f                                0x00000000   Number         0  stubs.o ABSOLUTE
    _printf_flags                            0x00000000   Number         0  stubs.o ABSOLUTE
    _printf_fp_dec                           0x00000000   Number         0  stubs.o ABSOLUTE
    _printf_fp_hex                           0x00000000   Number         0  stubs.o ABSOLUTE
    _printf_g                                0x00000000   Number         0  stubs.o ABSOLUTE
    _printf_i                                0x00000000   Number         0  stubs.o ABSOLUTE
    _printf_int_dec                          0x00000000   Number         0  stubs.o ABSOLUTE
    _printf_l                                0x00000000   Number         0  stubs.o ABSOLUTE
    _printf_lc                               0x00000000   Number         0  stubs.o ABSOLUTE
    _printf_ll                               0x00000000   Number         0  stubs.o ABSOLUTE
    _printf_lld                              0x00000000   Number         0  stubs.o ABSOLUTE
    _printf_lli                              0x00000000   Number         0  stubs.o ABSOLUTE
    _printf_llo                              0x00000000   Number         0  stubs.o ABSOLUTE
    _printf_llu                              0x00000000   Number         0  stubs.o ABSOLUTE
    _printf_llx                              0x00000000   Number         0  stubs.o ABSOLUTE
    _printf_longlong_dec                     0x00000000   Number         0  stubs.o ABSOLUTE
    _printf_longlong_hex                     0x00000000   Number         0  stubs.o ABSOLUTE
    _printf_longlong_oct                     0x00000000   Number         0  stubs.o ABSOLUTE
    _printf_ls                               0x00000000   Number         0  stubs.o ABSOLUTE
    _printf_mbtowc                           0x00000000   Number         0  stubs.o ABSOLUTE
    _printf_n                                0x00000000   Number         0  stubs.o ABSOLUTE
    _printf_o                                0x00000000   Number         0  stubs.o ABSOLUTE
    _printf_p                                0x00000000   Number         0  stubs.o ABSOLUTE
    _printf_percent                          0x00000000   Number         0  stubs.o ABSOLUTE
    _printf_pre_padding                      0x00000000   Number         0  stubs.o ABSOLUTE
    _printf_return_value                     0x00000000   Number         0  stubs.o ABSOLUTE
    _printf_s                                0x00000000   Number         0  stubs.o ABSOLUTE
    _printf_sizespec                         0x00000000   Number         0  stubs.o ABSOLUTE
    _printf_str                              0x00000000   Number         0  stubs.o ABSOLUTE
    _printf_truncate_signed                  0x00000000   Number         0  stubs.o ABSOLUTE
    _printf_truncate_unsigned                0x00000000   Number         0  stubs.o ABSOLUTE
    _printf_u                                0x00000000   Number         0  stubs.o ABSOLUTE
    _printf_wc                               0x00000000   Number         0  stubs.o ABSOLUTE
    _printf_wctomb                           0x00000000   Number         0  stubs.o ABSOLUTE
    _printf_widthprec                        0x00000000   Number         0  stubs.o ABSOLUTE
    _printf_x                                0x00000000   Number         0  stubs.o ABSOLUTE
    __cpp_initialize__aeabi_                  - Undefined Weak Reference
    __cxa_finalize                            - Undefined Weak Reference
    __decompress                              - Undefined Weak Reference
    _clock_init                               - Undefined Weak Reference
    _microlib_exit                            - Undefined Weak Reference
    __Vectors_Size                           0x00000188   Number         0  startup_stm32f407xx.o ABSOLUTE
    __Vectors                                0x08000000   Data           4  startup_stm32f407xx.o(RESET)
    __Vectors_End                            0x08000188   Data           0  startup_stm32f407xx.o(RESET)
    __main                                   0x08000189   Thumb Code     0  entry.o(.ARM.Collect$$$$00000000)
    _main_stk                                0x08000189   Thumb Code     0  entry2.o(.ARM.Collect$$$$00000001)
    _main_scatterload                        0x0800018d   Thumb Code     0  entry5.o(.ARM.Collect$$$$00000004)
    __main_after_scatterload                 0x08000191   Thumb Code     0  entry5.o(.ARM.Collect$$$$00000004)
    _main_clock                              0x08000191   Thumb Code     0  entry7b.o(.ARM.Collect$$$$00000008)
    _main_cpp_init                           0x08000191   Thumb Code     0  entry8b.o(.ARM.Collect$$$$0000000A)
    _main_init                               0x08000191   Thumb Code     0  entry9a.o(.ARM.Collect$$$$0000000B)
    __rt_final_cpp                           0x08000199   Thumb Code     0  entry10a.o(.ARM.Collect$$$$0000000D)
    __rt_final_exit                          0x08000199   Thumb Code     0  entry11a.o(.ARM.Collect$$$$0000000F)
    Reset_Handler                            0x0800019d   Thumb Code     8  startup_stm32f407xx.o(.text)
    ADC_IRQHandler                           0x080001b7   Thumb Code     0  startup_stm32f407xx.o(.text)
    CAN1_RX0_IRQHandler                      0x080001b7   Thumb Code     0  startup_stm32f407xx.o(.text)
    CAN1_RX1_IRQHandler                      0x080001b7   Thumb Code     0  startup_stm32f407xx.o(.text)
    CAN1_SCE_IRQHandler                      0x080001b7   Thumb Code     0  startup_stm32f407xx.o(.text)
    CAN1_TX_IRQHandler                       0x080001b7   Thumb Code     0  startup_stm32f407xx.o(.text)
    CAN2_RX0_IRQHandler                      0x080001b7   Thumb Code     0  startup_stm32f407xx.o(.text)
    CAN2_RX1_IRQHandler                      0x080001b7   Thumb Code     0  startup_stm32f407xx.o(.text)
    CAN2_SCE_IRQHandler                      0x080001b7   Thumb Code     0  startup_stm32f407xx.o(.text)
    CAN2_TX_IRQHandler                       0x080001b7   Thumb Code     0  startup_stm32f407xx.o(.text)
    DCMI_IRQHandler                          0x080001b7   Thumb Code     0  startup_stm32f407xx.o(.text)
    DMA1_Stream0_IRQHandler                  0x080001b7   Thumb Code     0  startup_stm32f407xx.o(.text)
    DMA1_Stream1_IRQHandler                  0x080001b7   Thumb Code     0  startup_stm32f407xx.o(.text)
    DMA1_Stream2_IRQHandler                  0x080001b7   Thumb Code     0  startup_stm32f407xx.o(.text)
    DMA1_Stream3_IRQHandler                  0x080001b7   Thumb Code     0  startup_stm32f407xx.o(.text)
    DMA1_Stream4_IRQHandler                  0x080001b7   Thumb Code     0  startup_stm32f407xx.o(.text)
    DMA1_Stream5_IRQHandler                  0x080001b7   Thumb Code     0  startup_stm32f407xx.o(.text)
    DMA1_Stream6_IRQHandler                  0x080001b7   Thumb Code     0  startup_stm32f407xx.o(.text)
    DMA1_Stream7_IRQHandler                  0x080001b7   Thumb Code     0  startup_stm32f407xx.o(.text)
    DMA2_Stream0_IRQHandler                  0x080001b7   Thumb Code     0  startup_stm32f407xx.o(.text)
    DMA2_Stream1_IRQHandler                  0x080001b7   Thumb Code     0  startup_stm32f407xx.o(.text)
    DMA2_Stream2_IRQHandler                  0x080001b7   Thumb Code     0  startup_stm32f407xx.o(.text)
    DMA2_Stream3_IRQHandler                  0x080001b7   Thumb Code     0  startup_stm32f407xx.o(.text)
    DMA2_Stream4_IRQHandler                  0x080001b7   Thumb Code     0  startup_stm32f407xx.o(.text)
    DMA2_Stream5_IRQHandler                  0x080001b7   Thumb Code     0  startup_stm32f407xx.o(.text)
    DMA2_Stream6_IRQHandler                  0x080001b7   Thumb Code     0  startup_stm32f407xx.o(.text)
    DMA2_Stream7_IRQHandler                  0x080001b7   Thumb Code     0  startup_stm32f407xx.o(.text)
    ETH_IRQHandler                           0x080001b7   Thumb Code     0  startup_stm32f407xx.o(.text)
    ETH_WKUP_IRQHandler                      0x080001b7   Thumb Code     0  startup_stm32f407xx.o(.text)
    EXTI15_10_IRQHandler                     0x080001b7   Thumb Code     0  startup_stm32f407xx.o(.text)
    EXTI1_IRQHandler                         0x080001b7   Thumb Code     0  startup_stm32f407xx.o(.text)
    EXTI2_IRQHandler                         0x080001b7   Thumb Code     0  startup_stm32f407xx.o(.text)
    EXTI3_IRQHandler                         0x080001b7   Thumb Code     0  startup_stm32f407xx.o(.text)
    EXTI4_IRQHandler                         0x080001b7   Thumb Code     0  startup_stm32f407xx.o(.text)
    EXTI9_5_IRQHandler                       0x080001b7   Thumb Code     0  startup_stm32f407xx.o(.text)
    FLASH_IRQHandler                         0x080001b7   Thumb Code     0  startup_stm32f407xx.o(.text)
    FMC_IRQHandler                           0x080001b7   Thumb Code     0  startup_stm32f407xx.o(.text)
    FPU_IRQHandler                           0x080001b7   Thumb Code     0  startup_stm32f407xx.o(.text)
    HASH_RNG_IRQHandler                      0x080001b7   Thumb Code     0  startup_stm32f407xx.o(.text)
    I2C1_ER_IRQHandler                       0x080001b7   Thumb Code     0  startup_stm32f407xx.o(.text)
    I2C1_EV_IRQHandler                       0x080001b7   Thumb Code     0  startup_stm32f407xx.o(.text)
    I2C2_ER_IRQHandler                       0x080001b7   Thumb Code     0  startup_stm32f407xx.o(.text)
    I2C2_EV_IRQHandler                       0x080001b7   Thumb Code     0  startup_stm32f407xx.o(.text)
    I2C3_ER_IRQHandler                       0x080001b7   Thumb Code     0  startup_stm32f407xx.o(.text)
    I2C3_EV_IRQHandler                       0x080001b7   Thumb Code     0  startup_stm32f407xx.o(.text)
    OTG_FS_IRQHandler                        0x080001b7   Thumb Code     0  startup_stm32f407xx.o(.text)
    OTG_FS_WKUP_IRQHandler                   0x080001b7   Thumb Code     0  startup_stm32f407xx.o(.text)
    OTG_HS_EP1_IN_IRQHandler                 0x080001b7   Thumb Code     0  startup_stm32f407xx.o(.text)
    OTG_HS_EP1_OUT_IRQHandler                0x080001b7   Thumb Code     0  startup_stm32f407xx.o(.text)
    OTG_HS_IRQHandler                        0x080001b7   Thumb Code     0  startup_stm32f407xx.o(.text)
    OTG_HS_WKUP_IRQHandler                   0x080001b7   Thumb Code     0  startup_stm32f407xx.o(.text)
    PVD_IRQHandler                           0x080001b7   Thumb Code     0  startup_stm32f407xx.o(.text)
    RCC_IRQHandler                           0x080001b7   Thumb Code     0  startup_stm32f407xx.o(.text)
    RTC_Alarm_IRQHandler                     0x080001b7   Thumb Code     0  startup_stm32f407xx.o(.text)
    RTC_WKUP_IRQHandler                      0x080001b7   Thumb Code     0  startup_stm32f407xx.o(.text)
    SDIO_IRQHandler                          0x080001b7   Thumb Code     0  startup_stm32f407xx.o(.text)
    SPI1_IRQHandler                          0x080001b7   Thumb Code     0  startup_stm32f407xx.o(.text)
    SPI2_IRQHandler                          0x080001b7   Thumb Code     0  startup_stm32f407xx.o(.text)
    SPI3_IRQHandler                          0x080001b7   Thumb Code     0  startup_stm32f407xx.o(.text)
    TAMP_STAMP_IRQHandler                    0x080001b7   Thumb Code     0  startup_stm32f407xx.o(.text)
    TIM1_BRK_TIM9_IRQHandler                 0x080001b7   Thumb Code     0  startup_stm32f407xx.o(.text)
    TIM1_CC_IRQHandler                       0x080001b7   Thumb Code     0  startup_stm32f407xx.o(.text)
    TIM1_TRG_COM_TIM11_IRQHandler            0x080001b7   Thumb Code     0  startup_stm32f407xx.o(.text)
    TIM1_UP_TIM10_IRQHandler                 0x080001b7   Thumb Code     0  startup_stm32f407xx.o(.text)
    TIM2_IRQHandler                          0x080001b7   Thumb Code     0  startup_stm32f407xx.o(.text)
    TIM3_IRQHandler                          0x080001b7   Thumb Code     0  startup_stm32f407xx.o(.text)
    TIM4_IRQHandler                          0x080001b7   Thumb Code     0  startup_stm32f407xx.o(.text)
    TIM5_IRQHandler                          0x080001b7   Thumb Code     0  startup_stm32f407xx.o(.text)
    TIM6_DAC_IRQHandler                      0x080001b7   Thumb Code     0  startup_stm32f407xx.o(.text)
    TIM7_IRQHandler                          0x080001b7   Thumb Code     0  startup_stm32f407xx.o(.text)
    TIM8_BRK_TIM12_IRQHandler                0x080001b7   Thumb Code     0  startup_stm32f407xx.o(.text)
    TIM8_CC_IRQHandler                       0x080001b7   Thumb Code     0  startup_stm32f407xx.o(.text)
    TIM8_TRG_COM_TIM14_IRQHandler            0x080001b7   Thumb Code     0  startup_stm32f407xx.o(.text)
    TIM8_UP_TIM13_IRQHandler                 0x080001b7   Thumb Code     0  startup_stm32f407xx.o(.text)
    UART4_IRQHandler                         0x080001b7   Thumb Code     0  startup_stm32f407xx.o(.text)
    UART5_IRQHandler                         0x080001b7   Thumb Code     0  startup_stm32f407xx.o(.text)
    USART1_IRQHandler                        0x080001b7   Thumb Code     0  startup_stm32f407xx.o(.text)
    USART2_IRQHandler                        0x080001b7   Thumb Code     0  startup_stm32f407xx.o(.text)
    USART3_IRQHandler                        0x080001b7   Thumb Code     0  startup_stm32f407xx.o(.text)
    USART6_IRQHandler                        0x080001b7   Thumb Code     0  startup_stm32f407xx.o(.text)
    WWDG_IRQHandler                          0x080001b7   Thumb Code     0  startup_stm32f407xx.o(.text)
    __aeabi_uldivmod                         0x080001c1   Thumb Code    98  uldiv.o(.text)
    __aeabi_memset                           0x08000223   Thumb Code    14  memseta.o(.text)
    __aeabi_memset4                          0x08000223   Thumb Code     0  memseta.o(.text)
    __aeabi_memset8                          0x08000223   Thumb Code     0  memseta.o(.text)
    __aeabi_memclr                           0x08000231   Thumb Code     4  memseta.o(.text)
    __aeabi_memclr4                          0x08000231   Thumb Code     0  memseta.o(.text)
    __aeabi_memclr8                          0x08000231   Thumb Code     0  memseta.o(.text)
    _memset$wrapper                          0x08000235   Thumb Code    18  memseta.o(.text)
    __aeabi_uidiv                            0x08000247   Thumb Code     0  uidiv.o(.text)
    __aeabi_uidivmod                         0x08000247   Thumb Code    44  uidiv.o(.text)
    __aeabi_llsl                             0x08000273   Thumb Code    30  llshl.o(.text)
    _ll_shift_l                              0x08000273   Thumb Code     0  llshl.o(.text)
    __aeabi_llsr                             0x08000291   Thumb Code    32  llushr.o(.text)
    _ll_ushift_r                             0x08000291   Thumb Code     0  llushr.o(.text)
    __scatterload                            0x080002b1   Thumb Code    28  init.o(.text)
    __scatterload_rt2                        0x080002b1   Thumb Code     0  init.o(.text)
    ADS1292R_ADCStartNormal                  0x080002d5   Thumb Code    72  ads1292r.o(.text.ADS1292R_ADCStartNormal)
    ADS1292R_GetValue                        0x08000311   Thumb Code    64  ads1292r.o(.text.ADS1292R_GetValue)
    ADS1292R_Init                            0x08000345   Thumb Code   252  ads1292r.o(.text.ADS1292R_Init)
    ADS1292R_RwReg                           0x0800043d   Thumb Code    80  ads1292r.o(.text.ADS1292R_RwReg)
    ADS1292R_SPI_TransmitReceive             0x08000489   Thumb Code    48  ads1292r.o(.text.ADS1292R_SPI_TransmitReceive)
    ADS1292R_SendCmd                         0x080004b9   Thumb Code    56  ads1292r.o(.text.ADS1292R_SendCmd)
    ADS1292R_SetBuffer                       0x080004ed   Thumb Code   392  ads1292r.o(.text.ADS1292R_SetBuffer)
    ADS1292R_WriteMultiRegs                  0x08000675   Thumb Code    96  ads1292r.o(.text.ADS1292R_WriteMultiRegs)
    BusFault_Handler                         0x080006d5   Thumb Code     2  stm32f4xx_it.o(.text.BusFault_Handler)
    DebugMon_Handler                         0x080006d7   Thumb Code     2  stm32f4xx_it.o(.text.DebugMon_Handler)
    EXTI0_IRQHandler                         0x080006d9   Thumb Code     6  stm32f4xx_it.o(.text.EXTI0_IRQHandler)
    Error_Handler                            0x080006df   Thumb Code     2  main.o(.text.Error_Handler)
    HAL_Delay                                0x080006e1   Thumb Code    36  stm32f4xx_hal.o(.text.HAL_Delay)
    HAL_GPIO_EXTI_Callback                   0x08000701   Thumb Code    28  main.o(.text.HAL_GPIO_EXTI_Callback)
    HAL_GPIO_EXTI_IRQHandler                 0x0800071d   Thumb Code    20  stm32f4xx_hal_gpio.o(.text.HAL_GPIO_EXTI_IRQHandler)
    HAL_GPIO_Init                            0x08000731   Thumb Code   388  stm32f4xx_hal_gpio.o(.text.HAL_GPIO_Init)
    HAL_GPIO_WritePin                        0x080008b5   Thumb Code    10  stm32f4xx_hal_gpio.o(.text.HAL_GPIO_WritePin)
    HAL_GetTick                              0x080008c1   Thumb Code    12  stm32f4xx_hal.o(.text.HAL_GetTick)
    HAL_IncTick                              0x080008c9   Thumb Code    24  stm32f4xx_hal.o(.text.HAL_IncTick)
    HAL_Init                                 0x080008dd   Thumb Code    52  stm32f4xx_hal.o(.text.HAL_Init)
    HAL_InitTick                             0x08000911   Thumb Code    64  stm32f4xx_hal.o(.text.HAL_InitTick)
    HAL_MspInit                              0x0800094d   Thumb Code    60  stm32f4xx_hal_msp.o(.text.HAL_MspInit)
    HAL_NVIC_EnableIRQ                       0x08000989   Thumb Code    28  stm32f4xx_hal_cortex.o(.text.HAL_NVIC_EnableIRQ)
    HAL_NVIC_SetPriority                     0x080009a5   Thumb Code    64  stm32f4xx_hal_cortex.o(.text.HAL_NVIC_SetPriority)
    HAL_NVIC_SetPriorityGrouping             0x080009e1   Thumb Code    32  stm32f4xx_hal_cortex.o(.text.HAL_NVIC_SetPriorityGrouping)
    HAL_RCC_ClockConfig                      0x08000a01   Thumb Code   304  stm32f4xx_hal_rcc.o(.text.HAL_RCC_ClockConfig)
    HAL_RCC_GetPCLK1Freq                     0x08000b2d   Thumb Code    32  stm32f4xx_hal_rcc.o(.text.HAL_RCC_GetPCLK1Freq)
    HAL_RCC_GetPCLK2Freq                     0x08000b41   Thumb Code    32  stm32f4xx_hal_rcc.o(.text.HAL_RCC_GetPCLK2Freq)
    HAL_RCC_GetSysClockFreq                  0x08000b61   Thumb Code    92  stm32f4xx_hal_rcc.o(.text.HAL_RCC_GetSysClockFreq)
    HAL_RCC_OscConfig                        0x08000bbd   Thumb Code   776  stm32f4xx_hal_rcc.o(.text.HAL_RCC_OscConfig)
    HAL_SPI_Init                             0x08000ec5   Thumb Code   126  stm32f4xx_hal_spi.o(.text.HAL_SPI_Init)
    HAL_SPI_MspInit                          0x08000f45   Thumb Code   108  spi.o(.text.HAL_SPI_MspInit)
    HAL_SPI_TransmitReceive                  0x08000fad   Thumb Code   468  stm32f4xx_hal_spi.o(.text.HAL_SPI_TransmitReceive)
    HAL_SYSTICK_Config                       0x08001181   Thumb Code    40  stm32f4xx_hal_cortex.o(.text.HAL_SYSTICK_Config)
    HAL_UART_Init                            0x080011a9   Thumb Code    92  stm32f4xx_hal_uart.o(.text.HAL_UART_Init)
    HAL_UART_MspInit                         0x08001205   Thumb Code   108  usart.o(.text.HAL_UART_MspInit)
    HAL_UART_Transmit                        0x0800126d   Thumb Code   172  stm32f4xx_hal_uart.o(.text.HAL_UART_Transmit)
    HMI_printf                               0x08001319   Thumb Code    40  hmi_uart.o(.text.HMI_printf)
    HardFault_Handler                        0x08001341   Thumb Code     2  stm32f4xx_it.o(.text.HardFault_Handler)
    MX_GPIO_Init                             0x08001345   Thumb Code   236  gpio.o(.text.MX_GPIO_Init)
    MX_SPI1_Init                             0x08001431   Thumb Code    68  spi.o(.text.MX_SPI1_Init)
    MX_USART3_UART_Init                      0x08001475   Thumb Code    60  usart.o(.text.MX_USART3_UART_Init)
    MemManage_Handler                        0x080014ad   Thumb Code     2  stm32f4xx_it.o(.text.MemManage_Handler)
    NMI_Handler                              0x080014af   Thumb Code     2  stm32f4xx_it.o(.text.NMI_Handler)
    PendSV_Handler                           0x080014b1   Thumb Code     2  stm32f4xx_it.o(.text.PendSV_Handler)
    SVC_Handler                              0x08001591   Thumb Code     2  stm32f4xx_it.o(.text.SVC_Handler)
    SysTick_Handler                          0x08001593   Thumb Code     4  stm32f4xx_it.o(.text.SysTick_Handler)
    SystemClock_Config                       0x08001599   Thumb Code   136  main.o(.text.SystemClock_Config)
    SystemInit                               0x08001621   Thumb Code    28  system_stm32f4xx.o(.text.SystemInit)
    UsageFault_Handler                       0x08001775   Thumb Code     2  stm32f4xx_it.o(.text.UsageFault_Handler)
    fputc                                    0x0800179d   Thumb Code    28  hmi_uart.o(.text.fputc)
    main                                     0x080017b9   Thumb Code    76  main.o(.text.main)
    __0printf$3                              0x08001805   Thumb Code    22  printf3.o(i.__0printf$3)
    __1printf$3                              0x08001805   Thumb Code     0  printf3.o(i.__0printf$3)
    __2printf                                0x08001805   Thumb Code     0  printf3.o(i.__0printf$3)
    __scatterload_copy                       0x08001825   Thumb Code    14  handlers.o(i.__scatterload_copy)
    __scatterload_null                       0x08001833   Thumb Code     2  handlers.o(i.__scatterload_null)
    __scatterload_zeroinit                   0x08001835   Thumb Code    14  handlers.o(i.__scatterload_zeroinit)
    AHBPrescTable                            0x080019fc   Data          16  system_stm32f4xx.o(.rodata.AHBPrescTable)
    APBPrescTable                            0x08001a0c   Data           8  system_stm32f4xx.o(.rodata.APBPrescTable)
    Region$$Table$$Base                      0x08001a14   Number         0  anon$$obj.o(Region$$Table)
    Region$$Table$$Limit                     0x08001a34   Number         0  anon$$obj.o(Region$$Table)
    __stdout                                 0x20000000   Data           4  stdout.o(.data)
    uwTickFreq                               0x20000004   Data           1  stm32f4xx_hal.o(.data..L_MergedGlobals)
    uwTickPrio                               0x20000008   Data           4  stm32f4xx_hal.o(.data..L_MergedGlobals)
    ADS1292R_config1                         0x2000000c   Data           1  ads1292r.o(.data..L_MergedGlobals)
    ADS1292R_ch1set                          0x2000000d   Data           3  ads1292r.o(.data..L_MergedGlobals)
    ADS1292R_resp2                           0x20000010   Data           3  ads1292r.o(.data..L_MergedGlobals)
    ADS1292R_resp1                           0x20000013   Data           4  ads1292r.o(.data..L_MergedGlobals)
    ADS1292R_config2                         0x20000017   Data           6  ads1292r.o(.data..L_MergedGlobals)
    ADS1292R_rld_sens                        0x2000001d   Data           6  ads1292r.o(.data..L_MergedGlobals)
    ADS1292R_loff_sens                       0x20000023   Data           6  ads1292r.o(.data..L_MergedGlobals)
    SystemCoreClock                          0x2000002c   Data           4  system_stm32f4xx.o(.data.SystemCoreClock)
    endchar                                  0x20000030   Data           4  hmi_uart.o(.data.endchar)
    ADS1292R_ch2set                          0x20000038   Data           3  ads1292r.o(.bss..L_MergedGlobals.2)
    ADS1292R_data_buf                        0x2000003b   Data           9  ads1292r.o(.bss..L_MergedGlobals.2)
    ADS1292R_tmp                             0x20000044   Data           9  ads1292r.o(.bss..L_MergedGlobals.2)
    ADS1292R_reg                             0x2000004d   Data          12  ads1292r.o(.bss..L_MergedGlobals.2)
    ADS1292R_receive_flag                    0x20000059   Data           1  ads1292r.o(.bss.ADS1292R_receive_flag)
    channel                                  0x2000005c   Data           8  main.o(.bss.channel)
    hspi1                                    0x20000064   Data          88  spi.o(.bss.hspi1)
    huart3                                   0x200000bc   Data          64  usart.o(.bss.huart3)
    uwTick                                   0x200000fc   Data           4  stm32f4xx_hal.o(.bss.uwTick)
    __initial_sp                             0x20000500   Data           0  startup_stm32f407xx.o(STACK)



==============================================================================

Memory Map of the image

  Image Entry point : 0x08000189

  Load Region LR_IROM1 (Base: 0x08000000, Size: 0x00001a70, Max: 0x00100000, ABSOLUTE)

    Execution Region ER_IROM1 (Exec base: 0x08000000, Load base: 0x08000000, Size: 0x00001a34, Max: 0x00100000, ABSOLUTE)

    Exec Addr    Load Addr    Size         Type   Attr      Idx    E Section Name        Object

    0x08000000   0x08000000   0x00000188   Data   RO            3    RESET               startup_stm32f407xx.o
    0x08000188   0x08000188   0x00000000   Code   RO          831  * .ARM.Collect$$$$00000000  mc_w.l(entry.o)
    0x08000188   0x08000188   0x00000004   Code   RO         1099    .ARM.Collect$$$$00000001  mc_w.l(entry2.o)
    0x0800018c   0x0800018c   0x00000004   Code   RO         1102    .ARM.Collect$$$$00000004  mc_w.l(entry5.o)
    0x08000190   0x08000190   0x00000000   Code   RO         1104    .ARM.Collect$$$$00000008  mc_w.l(entry7b.o)
    0x08000190   0x08000190   0x00000000   Code   RO         1106    .ARM.Collect$$$$0000000A  mc_w.l(entry8b.o)
    0x08000190   0x08000190   0x00000008   Code   RO         1107    .ARM.Collect$$$$0000000B  mc_w.l(entry9a.o)
    0x08000198   0x08000198   0x00000000   Code   RO         1109    .ARM.Collect$$$$0000000D  mc_w.l(entry10a.o)
    0x08000198   0x08000198   0x00000000   Code   RO         1111    .ARM.Collect$$$$0000000F  mc_w.l(entry11a.o)
    0x08000198   0x08000198   0x00000004   Code   RO         1100    .ARM.Collect$$$$00002712  mc_w.l(entry2.o)
    0x0800019c   0x0800019c   0x00000024   Code   RO            4    .text               startup_stm32f407xx.o
    0x080001c0   0x080001c0   0x00000062   Code   RO          834    .text               mc_w.l(uldiv.o)
    0x08000222   0x08000222   0x00000024   Code   RO          836    .text               mc_w.l(memseta.o)
    0x08000246   0x08000246   0x0000002c   Code   RO         1114    .text               mc_w.l(uidiv.o)
    0x08000272   0x08000272   0x0000001e   Code   RO         1116    .text               mc_w.l(llshl.o)
    0x08000290   0x08000290   0x00000020   Code   RO         1118    .text               mc_w.l(llushr.o)
    0x080002b0   0x080002b0   0x00000024   Code   RO         1131    .text               mc_w.l(init.o)
    0x080002d4   0x080002d4   0x0000003c   Code   RO          816    .text.ADS1292R_ADCStartNormal  ads1292r.o
    0x08000310   0x08000310   0x00000034   Code   RO          812    .text.ADS1292R_GetValue  ads1292r.o
    0x08000344   0x08000344   0x000000f8   Code   RO          814    .text.ADS1292R_Init  ads1292r.o
    0x0800043c   0x0800043c   0x0000004c   Code   RO          806    .text.ADS1292R_RwReg  ads1292r.o
    0x08000488   0x08000488   0x00000030   Code   RO          802    .text.ADS1292R_SPI_TransmitReceive  ads1292r.o
    0x080004b8   0x080004b8   0x00000034   Code   RO          804    .text.ADS1292R_SendCmd  ads1292r.o
    0x080004ec   0x080004ec   0x00000188   Code   RO          800    .text.ADS1292R_SetBuffer  ads1292r.o
    0x08000674   0x08000674   0x00000060   Code   RO          808    .text.ADS1292R_WriteMultiRegs  ads1292r.o
    0x080006d4   0x080006d4   0x00000002   Code   RO          111    .text.BusFault_Handler  stm32f4xx_it.o
    0x080006d6   0x080006d6   0x00000002   Code   RO          117    .text.DebugMon_Handler  stm32f4xx_it.o
    0x080006d8   0x080006d8   0x00000006   Code   RO          123    .text.EXTI0_IRQHandler  stm32f4xx_it.o
    0x080006de   0x080006de   0x00000002   Code   RO           47    .text.Error_Handler  main.o
    0x080006e0   0x080006e0   0x00000020   Code   RO          597    .text.HAL_Delay     stm32f4xx_hal.o
    0x08000700   0x08000700   0x0000001c   Code   RO           49    .text.HAL_GPIO_EXTI_Callback  main.o
    0x0800071c   0x0800071c   0x00000014   Code   RO          399    .text.HAL_GPIO_EXTI_IRQHandler  stm32f4xx_hal_gpio.o
    0x08000730   0x08000730   0x00000184   Code   RO          387    .text.HAL_GPIO_Init  stm32f4xx_hal_gpio.o
    0x080008b4   0x080008b4   0x0000000a   Code   RO          393    .text.HAL_GPIO_WritePin  stm32f4xx_hal_gpio.o
    0x080008be   0x080008be   0x00000002   PAD
    0x080008c0   0x080008c0   0x00000008   Code   RO          589    .text.HAL_GetTick   stm32f4xx_hal.o
    0x080008c8   0x080008c8   0x00000014   Code   RO          587    .text.HAL_IncTick   stm32f4xx_hal.o
    0x080008dc   0x080008dc   0x00000034   Code   RO          577    .text.HAL_Init      stm32f4xx_hal.o
    0x08000910   0x08000910   0x0000003c   Code   RO          579    .text.HAL_InitTick  stm32f4xx_hal.o
    0x0800094c   0x0800094c   0x0000003c   Code   RO          133    .text.HAL_MspInit   stm32f4xx_hal_msp.o
    0x08000988   0x08000988   0x0000001c   Code   RO          534    .text.HAL_NVIC_EnableIRQ  stm32f4xx_hal_cortex.o
    0x080009a4   0x080009a4   0x0000003c   Code   RO          530    .text.HAL_NVIC_SetPriority  stm32f4xx_hal_cortex.o
    0x080009e0   0x080009e0   0x00000020   Code   RO          528    .text.HAL_NVIC_SetPriorityGrouping  stm32f4xx_hal_cortex.o
    0x08000a00   0x08000a00   0x0000012c   Code   RO          265    .text.HAL_RCC_ClockConfig  stm32f4xx_hal_rcc.o
    0x08000b2c   0x08000b2c   0x00000014   Code   RO          277    .text.HAL_RCC_GetPCLK1Freq  stm32f4xx_hal_rcc.o
    0x08000b40   0x08000b40   0x00000020   Code   RO          279    .text.HAL_RCC_GetPCLK2Freq  stm32f4xx_hal_rcc.o
    0x08000b60   0x08000b60   0x0000005c   Code   RO          267    .text.HAL_RCC_GetSysClockFreq  stm32f4xx_hal_rcc.o
    0x08000bbc   0x08000bbc   0x00000308   Code   RO          263    .text.HAL_RCC_OscConfig  stm32f4xx_hal_rcc.o
    0x08000ec4   0x08000ec4   0x0000007e   Code   RO          142    .text.HAL_SPI_Init  stm32f4xx_hal_spi.o
    0x08000f42   0x08000f42   0x00000002   PAD
    0x08000f44   0x08000f44   0x00000068   Code   RO           75    .text.HAL_SPI_MspInit  spi.o
    0x08000fac   0x08000fac   0x000001d4   Code   RO          156    .text.HAL_SPI_TransmitReceive  stm32f4xx_hal_spi.o
    0x08001180   0x08001180   0x00000028   Code   RO          542    .text.HAL_SYSTICK_Config  stm32f4xx_hal_cortex.o
    0x080011a8   0x080011a8   0x0000005c   Code   RO          671    .text.HAL_UART_Init  stm32f4xx_hal_uart.o
    0x08001204   0x08001204   0x00000068   Code   RO           91    .text.HAL_UART_MspInit  usart.o
    0x0800126c   0x0800126c   0x000000ac   Code   RO          687    .text.HAL_UART_Transmit  stm32f4xx_hal_uart.o
    0x08001318   0x08001318   0x00000028   Code   RO           13    .text.HMI_printf    hmi_uart.o
    0x08001340   0x08001340   0x00000002   Code   RO          107    .text.HardFault_Handler  stm32f4xx_it.o
    0x08001342   0x08001342   0x00000002   PAD
    0x08001344   0x08001344   0x000000ec   Code   RO           62    .text.MX_GPIO_Init  gpio.o
    0x08001430   0x08001430   0x00000044   Code   RO           73    .text.MX_SPI1_Init  spi.o
    0x08001474   0x08001474   0x00000038   Code   RO           89    .text.MX_USART3_UART_Init  usart.o
    0x080014ac   0x080014ac   0x00000002   Code   RO          109    .text.MemManage_Handler  stm32f4xx_it.o
    0x080014ae   0x080014ae   0x00000002   Code   RO          105    .text.NMI_Handler   stm32f4xx_it.o
    0x080014b0   0x080014b0   0x00000002   Code   RO          119    .text.PendSV_Handler  stm32f4xx_it.o
    0x080014b2   0x080014b2   0x00000002   PAD
    0x080014b4   0x080014b4   0x0000005c   Code   RO          152    .text.SPI_EndRxTxTransaction  stm32f4xx_hal_spi.o
    0x08001510   0x08001510   0x00000080   Code   RO          250    .text.SPI_WaitFlagStateUntilTimeout  stm32f4xx_hal_spi.o
    0x08001590   0x08001590   0x00000002   Code   RO          115    .text.SVC_Handler   stm32f4xx_it.o
    0x08001592   0x08001592   0x00000004   Code   RO          121    .text.SysTick_Handler  stm32f4xx_it.o
    0x08001596   0x08001596   0x00000002   PAD
    0x08001598   0x08001598   0x00000088   Code   RO           43    .text.SystemClock_Config  main.o
    0x08001620   0x08001620   0x0000001c   Code   RO          784    .text.SystemInit    system_stm32f4xx.o
    0x0800163c   0x0800163c   0x000000e0   Code   RO          675    .text.UART_SetConfig  stm32f4xx_hal_uart.o
    0x0800171c   0x0800171c   0x00000058   Code   RO          689    .text.UART_WaitOnFlagUntilTimeout  stm32f4xx_hal_uart.o
    0x08001774   0x08001774   0x00000002   Code   RO          113    .text.UsageFault_Handler  stm32f4xx_it.o
    0x08001776   0x08001776   0x00000002   PAD
    0x08001778   0x08001778   0x00000024   Code   RO          532    .text.__NVIC_SetPriority  stm32f4xx_hal_cortex.o
    0x0800179c   0x0800179c   0x0000001c   Code   RO           11    .text.fputc         hmi_uart.o
    0x080017b8   0x080017b8   0x0000004c   Code   RO           41    .text.main          main.o
    0x08001804   0x08001804   0x00000020   Code   RO          927    i.__0printf$3       mc_w.l(printf3.o)
    0x08001824   0x08001824   0x0000000e   Code   RO         1139    i.__scatterload_copy  mc_w.l(handlers.o)
    0x08001832   0x08001832   0x00000002   Code   RO         1140    i.__scatterload_null  mc_w.l(handlers.o)
    0x08001834   0x08001834   0x0000000e   Code   RO         1141    i.__scatterload_zeroinit  mc_w.l(handlers.o)
    0x08001842   0x08001842   0x00000002   PAD
    0x08001844   0x08001844   0x000001b8   Code   RO          934    i._printf_core      mc_w.l(printf3.o)
    0x080019fc   0x080019fc   0x00000010   Data   RO          789    .rodata.AHBPrescTable  system_stm32f4xx.o
    0x08001a0c   0x08001a0c   0x00000008   Data   RO          790    .rodata.APBPrescTable  system_stm32f4xx.o
    0x08001a14   0x08001a14   0x00000020   Data   RO         1138    Region$$Table       anon$$obj.o


    Execution Region RW_IRAM1 (Exec base: 0x20000000, Load base: 0x08001a38, Size: 0x00000500, Max: 0x00020000, ABSOLUTE)

    Exec Addr    Load Addr    Size         Type   Attr      Idx    E Section Name        Object

    0x20000000   0x08001a38   0x00000004   Data   RW         1113    .data               mc_w.l(stdout.o)
    0x20000004   0x08001a3c   0x00000008   Data   RW          632    .data..L_MergedGlobals  stm32f4xx_hal.o
    0x2000000c   0x08001a44   0x0000001d   Data   RW          821    .data..L_MergedGlobals  ads1292r.o
    0x20000029   0x08001a61   0x00000003   PAD
    0x2000002c   0x08001a64   0x00000004   Data   RW          788    .data.SystemCoreClock  system_stm32f4xx.o
    0x20000030   0x08001a68   0x00000004   Data   RW           31    .data.endchar       hmi_uart.o
    0x20000034   0x08001a6c   0x00000004   PAD
    0x20000038        -       0x00000021   Zero   RW          822    .bss..L_MergedGlobals.2  ads1292r.o
    0x20000059        -       0x00000001   Zero   RW          820    .bss.ADS1292R_receive_flag  ads1292r.o
    0x2000005a   0x08001a6c   0x00000002   PAD
    0x2000005c        -       0x00000008   Zero   RW           51    .bss.channel        main.o
    0x20000064        -       0x00000058   Zero   RW           79    .bss.hspi1          spi.o
    0x200000bc        -       0x00000040   Zero   RW           95    .bss.huart3         usart.o
    0x200000fc        -       0x00000004   Zero   RW          631    .bss.uwTick         stm32f4xx_hal.o
    0x20000100        -       0x00000400   Zero   RW            1    STACK               startup_stm32f407xx.o


==============================================================================

Image component sizes


      Code (inc. data)   RO Data    RW Data    ZI Data      Debug   Object Name

      1024         60          0         29         34       4739   ads1292r.o
       236         16          0          0          0       4040   gpio.o
        68         20          0          4          0       3505   hmi_uart.o
       242         20          0          0          8       3092   main.o
       172         12          0          0         88       4854   spi.o
        36          8        392          0       1024        812   startup_stm32f407xx.o
       172         12          0          8          4       7340   stm32f4xx_hal.o
       196         28          0          0          0       9852   stm32f4xx_hal_cortex.o
       418         28          0          0          0       4880   stm32f4xx_hal_gpio.o
        60          4          0          0          0       1417   stm32f4xx_hal_msp.o
      1220         48          0          0          0       7085   stm32f4xx_hal_rcc.o
       814          8          0          0          0      18978   stm32f4xx_hal_spi.o
       576          4          0          0          0      15820   stm32f4xx_hal_uart.o
        26          0          0          0          0       1204   stm32f4xx_it.o
        28          4         24          4          0       2539   system_stm32f4xx.o
       160          8          0          0         64       4725   usart.o

    ----------------------------------------------------------------------
      5460        280        448         48       1228      94882   Object Totals
         0          0         32          0          0          0   (incl. Generated)
        12          0          0          3          6          0   (incl. Padding)

    ----------------------------------------------------------------------

      Code (inc. data)   RO Data    RW Data    ZI Data      Debug   Library Member Name

         0          0          0          0          0          0   entry.o
         0          0          0          0          0          0   entry10a.o
         0          0          0          0          0          0   entry11a.o
         8          4          0          0          0          0   entry2.o
         4          0          0          0          0          0   entry5.o
         0          0          0          0          0          0   entry7b.o
         0          0          0          0          0          0   entry8b.o
         8          4          0          0          0          0   entry9a.o
        30          0          0          0          0          0   handlers.o
        36          8          0          0          0         68   init.o
        30          0          0          0          0         68   llshl.o
        32          0          0          0          0         68   llushr.o
        36          0          0          0          0        108   memseta.o
       472         14          0          0          0        184   printf3.o
         0          0          0          4          0          0   stdout.o
        44          0          0          0          0         80   uidiv.o
        98          0          0          0          0         92   uldiv.o

    ----------------------------------------------------------------------
       800         30          0          4          0        668   Library Totals
         2          0          0          0          0          0   (incl. Padding)

    ----------------------------------------------------------------------

      Code (inc. data)   RO Data    RW Data    ZI Data      Debug   Library Name

       798         30          0          4          0        668   mc_w.l

    ----------------------------------------------------------------------
       800         30          0          4          0        668   Library Totals

    ----------------------------------------------------------------------

==============================================================================


      Code (inc. data)   RO Data    RW Data    ZI Data      Debug   

      6260        310        448         52       1228      95270   Grand Totals
      6260        310        448         52       1228      95270   ELF Image Totals
      6260        310        448         52          0          0   ROM Totals

==============================================================================

    Total RO  Size (Code + RO Data)                 6708 (   6.55kB)
    Total RW  Size (RW Data + ZI Data)              1280 (   1.25kB)
    Total ROM Size (Code + RO Data + RW Data)       6760 (   6.60kB)

==============================================================================

